--------- beginning of main
07-30 14:13:27.640 16786 16786 W com.enumedate: Unexpected CPU variant for X86 using defaults: x86
--------- beginning of system
07-30 14:13:27.672 16786 16786 W ActivityThread: Package uses different ABI(s) than its instrumentation: package[com.enumedate]: x86, null instrumentation[com.enumedate.test]: null, null
07-30 14:13:27.674 16786 16786 I com.enumedate: The ClassLoaderContext is a special shared library.
07-30 14:13:27.675 16786 16786 I chatty  : uid=10188(com.enumedate) identical 1 line
07-30 14:13:27.676 16786 16786 I com.enumedate: The ClassLoaderContext is a special shared library.
07-30 14:13:27.677 16786 16786 W com.enumedate: ClassLoaderContext classpath size mismatch. expected=0, found=3 (PCL[]{PCL[/system/framework/android.test.base.jar*315452938]#PCL[/system/framework/android.test.mock.jar*239297726]{PCL[/system/framework/android.test.base.jar*315452938]}#PCL[/system/framework/android.test.runner.jar*2931394026]{PCL[/system/framework/android.test.base.jar*315452938]#PCL[/system/framework/android.test.mock.jar*239297726]{PCL[/system/framework/android.test.base.jar*315452938]}}} | PCL[/system/framework/android.test.runner.jar*2931394026:/system/framework/android.test.mock.jar*239297726:/system/framework/android.test.base.jar*315452938])
07-30 14:13:27.677 16786 16786 W com.enumedate: Found duplicate classes, falling back to extracting from APK : /data/app/~~PHLt2xBMjPN0DEvCv5Vfog==/com.enumedate.test-nckGhoGDY96wTnZcQ0uH9Q==/base.apk
07-30 14:13:27.677 16786 16786 W com.enumedate: NOTE: This wastes RAM and hurts startup performance.
07-30 14:13:27.677 16786 16786 W com.enumedate: Found duplicated class when checking oat files: 'Ljunit/framework/Assert;' in /data/app/~~PHLt2xBMjPN0DEvCv5Vfog==/com.enumedate.test-nckGhoGDY96wTnZcQ0uH9Q==/base.apk and /system/framework/android.test.base.jar
07-30 14:13:27.706 16786 16786 W com.enumedate: ClassLoaderContext classpath size mismatch. expected=0, found=4 (PCL[] | PCL[/system/framework/android.test.runner.jar*2931394026:/system/framework/android.test.mock.jar*239297726:/system/framework/android.test.base.jar*315452938:/data/app/~~PHLt2xBMjPN0DEvCv5Vfog==/com.enumedate.test-nckGhoGDY96wTnZcQ0uH9Q==/base.apk*1748691775])
07-30 14:13:27.715 16786 16786 D ApplicationLoaders: Returning zygote-cached class loader: /system/framework/android.test.base.jar
07-30 14:13:27.715 16786 16786 D ApplicationLoaders: Returning zygote-cached class loader: /system/framework/android.test.base.jar
07-30 14:13:27.716 16786 16786 I com.enumedate: The ClassLoaderContext is a special shared library.
07-30 14:13:27.716 16786 16786 D ApplicationLoaders: Returning zygote-cached class loader: /system/framework/android.test.base.jar
07-30 14:13:27.716 16786 16786 D ApplicationLoaders: Returning zygote-cached class loader: /system/framework/android.test.base.jar
07-30 14:13:27.717 16786 16786 I com.enumedate: The ClassLoaderContext is a special shared library.
07-30 14:13:27.719 16786 16786 I chatty  : uid=10188(com.enumedate) identical 2 lines
07-30 14:13:27.720 16786 16786 I com.enumedate: The ClassLoaderContext is a special shared library.
07-30 14:13:27.721 16786 16786 W com.enumedate: ClassLoaderContext classpath size mismatch. expected=0, found=3 (PCL[]{PCL[/system/framework/android.test.base.jar*315452938]#PCL[/system/framework/android.test.mock.jar*239297726]{PCL[/system/framework/android.test.base.jar*315452938]}#PCL[/system/framework/android.test.runner.jar*2931394026]{PCL[/system/framework/android.test.base.jar*315452938]#PCL[/system/framework/android.test.mock.jar*239297726]{PCL[/system/framework/android.test.base.jar*315452938]}}} | PCL[/system/framework/android.test.runner.jar*2931394026:/system/framework/android.test.mock.jar*239297726:/system/framework/android.test.base.jar*315452938]{PCL[/system/framework/android.test.base.jar*315452938]#PCL[/system/framework/android.test.mock.jar*239297726]{PCL[/system/framework/android.test.base.jar*315452938]}#PCL[/system/framework/android.test.runner.jar*2931394026]{PCL[/system/framework/android.test.base.jar*315452938]#PCL[/system/framework/android.test.mock.jar*239297726]{PCL[/system/framework/android.test.base.jar*315452938]}}};PCL[/system/framework/android.test.runner.jar*2931394026:/system/framework/android.test.mock.jar*239297726:/system/framework/android.test.base.jar*315452938:/data/app/~~PHLt2xBMjPN0DEvCv5Vfog==/com.enumedate.test-nckGhoGDY96wTnZcQ0uH9Q==/base.apk*1748691775:/data/app/~~DbXXeWG236P_31fmxLojHg==/com.enumedate-me17NRi_DrNcJuGbRFdzqA==/base.apk*3185179035])
07-30 14:13:27.721 16786 16786 W com.enumedate: Found duplicate classes, falling back to extracting from APK : /data/app/~~PHLt2xBMjPN0DEvCv5Vfog==/com.enumedate.test-nckGhoGDY96wTnZcQ0uH9Q==/base.apk
07-30 14:13:27.721 16786 16786 W com.enumedate: NOTE: This wastes RAM and hurts startup performance.
07-30 14:13:27.721 16786 16786 W com.enumedate: Found duplicated class when checking oat files: 'Landroid_libs/ub_uiautomator/R;' in /data/app/~~PHLt2xBMjPN0DEvCv5Vfog==/com.enumedate.test-nckGhoGDY96wTnZcQ0uH9Q==/base.apk and /data/app/~~PHLt2xBMjPN0DEvCv5Vfog==/com.enumedate.test-nckGhoGDY96wTnZcQ0uH9Q==/base.apk
07-30 14:13:27.748 16786 16786 W com.enumedate: ClassLoaderContext classpath size mismatch. expected=0, found=4 (PCL[] | PCL[/system/framework/android.test.runner.jar*2931394026:/system/framework/android.test.mock.jar*239297726:/system/framework/android.test.base.jar*315452938:/data/app/~~PHLt2xBMjPN0DEvCv5Vfog==/com.enumedate.test-nckGhoGDY96wTnZcQ0uH9Q==/base.apk*1748691775]{PCL[/system/framework/android.test.base.jar*315452938]#PCL[/system/framework/android.test.mock.jar*239297726]{PCL[/system/framework/android.test.base.jar*315452938]}#PCL[/system/framework/android.test.runner.jar*2931394026]{PCL[/system/framework/android.test.base.jar*315452938]#PCL[/system/framework/android.test.mock.jar*239297726]{PCL[/system/framework/android.test.base.jar*315452938]}}};PCL[/system/framework/android.test.runner.jar*2931394026:/system/framework/android.test.mock.jar*239297726:/system/framework/android.test.base.jar*315452938:/data/app/~~PHLt2xBMjPN0DEvCv5Vfog==/com.enumedate.test-nckGhoGDY96wTnZcQ0uH9Q==/base.apk*1748691775:/data/app/~~DbXXeWG236P_31fmxLojHg==/com.enumedate-me17NRi_DrNcJuGbRFdzqA==/base.apk*3185179035])
07-30 14:13:27.749 16786 16786 W com.enumedate: Found duplicate classes, falling back to extracting from APK : /data/app/~~DbXXeWG236P_31fmxLojHg==/com.enumedate-me17NRi_DrNcJuGbRFdzqA==/base.apk
07-30 14:13:27.749 16786 16786 W com.enumedate: NOTE: This wastes RAM and hurts startup performance.
07-30 14:13:27.749 16786 16786 W com.enumedate: Found duplicated class when checking oat files: 'Landroid/support/v4/app/INotificationSideChannel$Default;' in /data/app/~~DbXXeWG236P_31fmxLojHg==/com.enumedate-me17NRi_DrNcJuGbRFdzqA==/base.apk and /data/app/~~DbXXeWG236P_31fmxLojHg==/com.enumedate-me17NRi_DrNcJuGbRFdzqA==/base.apk
07-30 14:13:27.832 16786 16786 D NetworkSecurityConfig: Using Network Security Config from resource network_security_config debugBuild: false
07-30 14:13:27.833 16786 16786 D NetworkSecurityConfig: Using Network Security Config from resource network_security_config debugBuild: false
07-30 14:13:27.839 16786 16786 I MonitoringInstr: Instrumentation started!
07-30 14:13:27.851 16786 16786 V TestEventClient: No service name argument was given (testDiscoveryService, testRunEventService or orchestratorService)
07-30 14:13:27.855 16786 16786 V fb-UnpackingSoSource: locked dso store /data/user/0/com.enumedate/lib-main
07-30 14:13:27.856 16786 16786 V fb-UnpackingSoSource: deps mismatch on deps store: regenerating
07-30 14:13:27.856 16786 16786 V fb-UnpackingSoSource: so store dirty: regenerating
07-30 14:13:27.878 16786 16786 D ApkSoSource: not allowing consideration of lib/x86/libbutter.so: deferring to libdir
07-30 14:13:27.878 16786 16786 D ApkSoSource: not allowing consideration of lib/x86/libc++_shared.so: deferring to libdir
07-30 14:13:27.879 16786 16786 D ApkSoSource: not allowing consideration of lib/x86/libfabricjni.so: deferring to libdir
07-30 14:13:27.879 16786 16786 D ApkSoSource: not allowing consideration of lib/x86/libfb.so: deferring to libdir
07-30 14:13:27.879 16786 16786 D ApkSoSource: not allowing consideration of lib/x86/libfbjni.so: deferring to libdir
07-30 14:13:27.879 16786 16786 D ApkSoSource: not allowing consideration of lib/x86/libfolly_futures.so: deferring to libdir
07-30 14:13:27.879 16786 16786 D ApkSoSource: not allowing consideration of lib/x86/libfolly_json.so: deferring to libdir
07-30 14:13:27.879 16786 16786 D ApkSoSource: not allowing consideration of lib/x86/libglog.so: deferring to libdir
07-30 14:13:27.879 16786 16786 D ApkSoSource: not allowing consideration of lib/x86/libglog_init.so: deferring to libdir
07-30 14:13:27.879 16786 16786 D ApkSoSource: not allowing consideration of lib/x86/libimagepipeline.so: deferring to libdir
07-30 14:13:27.879 16786 16786 D ApkSoSource: not allowing consideration of lib/x86/libjsc.so: deferring to libdir
07-30 14:13:27.879 16786 16786 D ApkSoSource: not allowing consideration of lib/x86/libjscexecutor.so: deferring to libdir
07-30 14:13:27.879 16786 16786 D ApkSoSource: not allowing consideration of lib/x86/libjsi.so: deferring to libdir
07-30 14:13:27.880 16786 16786 D ApkSoSource: not allowing consideration of lib/x86/libjsijniprofiler.so: deferring to libdir
07-30 14:13:27.880 16786 16786 D ApkSoSource: not allowing consideration of lib/x86/libjsinspector.so: deferring to libdir
07-30 14:13:27.880 16786 16786 D ApkSoSource: not allowing consideration of lib/x86/liblogger.so: deferring to libdir
07-30 14:13:27.880 16786 16786 D ApkSoSource: not allowing consideration of lib/x86/libmapbufferjni.so: deferring to libdir
07-30 14:13:27.880 16786 16786 D ApkSoSource: not allowing consideration of lib/x86/libnative-filters.so: deferring to libdir
07-30 14:13:27.880 16786 16786 D ApkSoSource: not allowing consideration of lib/x86/libnative-imagetranscoder.so: deferring to libdir
07-30 14:13:27.880 16786 16786 D ApkSoSource: not allowing consideration of lib/x86/libreact_codegen_rncore.so: deferring to libdir
07-30 14:13:27.880 16786 16786 D ApkSoSource: not allowing consideration of lib/x86/libreact_config.so: deferring to libdir
07-30 14:13:27.880 16786 16786 D ApkSoSource: not allowing consideration of lib/x86/libreact_debug.so: deferring to libdir
07-30 14:13:27.880 16786 16786 D ApkSoSource: not allowing consideration of lib/x86/libreact_nativemodule_core.so: deferring to libdir
07-30 14:13:27.880 16786 16786 D ApkSoSource: not allowing consideration of lib/x86/libreact_render_animations.so: deferring to libdir
07-30 14:13:27.880 16786 16786 D ApkSoSource: not allowing consideration of lib/x86/libreact_render_attributedstring.so: deferring to libdir
07-30 14:13:27.880 16786 16786 D ApkSoSource: not allowing consideration of lib/x86/libreact_render_componentregistry.so: deferring to libdir
07-30 14:13:27.880 16786 16786 D ApkSoSource: not allowing consideration of lib/x86/libreact_render_core.so: deferring to libdir
07-30 14:13:27.880 16786 16786 D ApkSoSource: not allowing consideration of lib/x86/libreact_render_debug.so: deferring to libdir
07-30 14:13:27.880 16786 16786 D ApkSoSource: not allowing consideration of lib/x86/libreact_render_graphics.so: deferring to libdir
07-30 14:13:27.881 16786 16786 D ApkSoSource: not allowing consideration of lib/x86/libreact_render_imagemanager.so: deferring to libdir
07-30 14:13:27.881 16786 16786 D ApkSoSource: not allowing consideration of lib/x86/libreact_render_leakchecker.so: deferring to libdir
07-30 14:13:27.881 16786 16786 D ApkSoSource: not allowing consideration of lib/x86/libreact_render_mapbuffer.so: deferring to libdir
07-30 14:13:27.881 16786 16786 D ApkSoSource: not allowing consideration of lib/x86/libreact_render_mounting.so: deferring to libdir
07-30 14:13:27.881 16786 16786 D ApkSoSource: not allowing consideration of lib/x86/libreact_render_runtimescheduler.so: deferring to libdir
07-30 14:13:27.881 16786 16786 D ApkSoSource: not allowing consideration of lib/x86/libreact_render_scheduler.so: deferring to libdir
07-30 14:13:27.881 16786 16786 D ApkSoSource: not allowing consideration of lib/x86/libreact_render_telemetry.so: deferring to libdir
07-30 14:13:27.881 16786 16786 D ApkSoSource: not allowing consideration of lib/x86/libreact_render_templateprocessor.so: deferring to libdir
07-30 14:13:27.881 16786 16786 D ApkSoSource: not allowing consideration of lib/x86/libreact_render_textlayoutmanager.so: deferring to libdir
07-30 14:13:27.881 16786 16786 D ApkSoSource: not allowing consideration of lib/x86/libreact_render_uimanager.so: deferring to libdir
07-30 14:13:27.881 16786 16786 D ApkSoSource: not allowing consideration of lib/x86/libreact_utils.so: deferring to libdir
07-30 14:13:27.881 16786 16786 D ApkSoSource: not allowing consideration of lib/x86/libreactnativeblob.so: deferring to libdir
07-30 14:13:27.881 16786 16786 D ApkSoSource: not allowing consideration of lib/x86/libreactnativejni.so: deferring to libdir
07-30 14:13:27.882 16786 16786 D ApkSoSource: not allowing consideration of lib/x86/libreactnativeutilsjni.so: deferring to libdir
07-30 14:13:27.882 16786 16786 D ApkSoSource: not allowing consideration of lib/x86/libreactperfloggerjni.so: deferring to libdir
07-30 14:13:27.882 16786 16786 D ApkSoSource: not allowing consideration of lib/x86/libreanimated.so: deferring to libdir
07-30 14:13:27.882 16786 16786 D ApkSoSource: not allowing consideration of lib/x86/librrc_image.so: deferring to libdir
07-30 14:13:27.882 16786 16786 D ApkSoSource: not allowing consideration of lib/x86/librrc_root.so: deferring to libdir
07-30 14:13:27.882 16786 16786 D ApkSoSource: not allowing consideration of lib/x86/librrc_text.so: deferring to libdir
07-30 14:13:27.882 16786 16786 D ApkSoSource: not allowing consideration of lib/x86/librrc_unimplementedview.so: deferring to libdir
07-30 14:13:27.882 16786 16786 D ApkSoSource: not allowing consideration of lib/x86/librrc_view.so: deferring to libdir
07-30 14:13:27.882 16786 16786 D ApkSoSource: not allowing consideration of lib/x86/libruntimeexecutor.so: deferring to libdir
07-30 14:13:27.882 16786 16786 D ApkSoSource: not allowing consideration of lib/x86/libturbomodulejsijni.so: deferring to libdir
07-30 14:13:27.882 16786 16786 D ApkSoSource: not allowing consideration of lib/x86/libyoga.so: deferring to libdir
07-30 14:13:27.883 16786 16786 V fb-UnpackingSoSource: regenerating DSO store com.facebook.soloader.ApkSoSource
07-30 14:13:27.884 16786 16786 V fb-UnpackingSoSource: Finished regenerating DSO store com.facebook.soloader.ApkSoSource
07-30 14:13:27.884 16786 16786 V fb-UnpackingSoSource: starting syncer worker
07-30 14:13:27.892 16786 16786 V fb-UnpackingSoSource: releasing dso store lock for /data/user/0/com.enumedate/lib-main (from syncer thread)
07-30 14:13:27.892 16786 16786 V fb-UnpackingSoSource: not releasing dso store lock for /data/user/0/com.enumedate/lib-main (syncer thread started)
07-30 14:13:27.895 16786 16786 D SoLoader: libjscexecutor.so not found on /data/data/com.enumedate/lib-main
07-30 14:13:27.895 16786 16786 D SoLoader: libjscexecutor.so found on /data/app/~~DbXXeWG236P_31fmxLojHg==/com.enumedate-me17NRi_DrNcJuGbRFdzqA==/lib/x86
07-30 14:13:27.895 16786 16786 D SoLoader: Not resolving dependencies for libjscexecutor.so
07-30 14:13:27.929 16786 16786 D JavaScriptCore.Version: 250230.2.1
07-30 14:13:27.946 16786 16808 I UsageTrackerFacilitator: Usage tracking enabled
07-30 14:13:27.951 16786 16808 I TestRequestBuilder: Scanning classpath to find tests in paths [/data/app/~~PHLt2xBMjPN0DEvCv5Vfog==/com.enumedate.test-nckGhoGDY96wTnZcQ0uH9Q==/base.apk]
07-30 14:13:27.952 16786 16808 W com.enumedate: Opening an oat file without a class loader. Are you using the deprecated DexFile APIs?
07-30 14:13:28.108 16786 16808 D TestExecutor: Adding listener androidx.test.internal.runner.listener.LogRunListener
07-30 14:13:28.109 16786 16808 D TestExecutor: Adding listener androidx.test.internal.runner.listener.InstrumentationResultPrinter
07-30 14:13:28.109 16786 16808 D TestExecutor: Adding listener androidx.test.internal.runner.listener.ActivityFinisherRunListener
07-30 14:13:28.111 16786 16808 I TestRunner: run started: 1 tests
07-30 14:13:28.116 16786 16808 I TestRunner: started: runDetoxTests(com.enumedate.DetoxTest)
07-30 14:13:28.152 16786 16808 D EventInjectionStrategy: Creating injection strategy with input manager.
07-30 14:13:28.217 16786 16826 D libEGL  : loaded /vendor/lib/egl/libEGL_emulation.so
07-30 14:13:28.223 16786 16826 D libEGL  : loaded /vendor/lib/egl/libGLESv1_CM_emulation.so
07-30 14:13:28.230 16786 16826 D libEGL  : loaded /vendor/lib/egl/libGLESv2_emulation.so
07-30 14:13:28.238 16786 16786 D LifecycleMonitor: Lifecycle status change: com.enumedate.MainActivity@e3a83eb in: PRE_ON_CREATE
07-30 14:13:28.249 16786 16827 D SoLoader: libreactnativejni.so not found on /data/data/com.enumedate/lib-main
07-30 14:13:28.249 16786 16827 D SoLoader: libreactnativejni.so found on /data/app/~~DbXXeWG236P_31fmxLojHg==/com.enumedate-me17NRi_DrNcJuGbRFdzqA==/lib/x86
07-30 14:13:28.250 16786 16827 D SoLoader: Not resolving dependencies for libreactnativejni.so
07-30 14:13:28.266 16786 16827 D SoLoader: libfbjni.so not found on /data/data/com.enumedate/lib-main
07-30 14:13:28.266 16786 16827 D SoLoader: libfbjni.so found on /data/app/~~DbXXeWG236P_31fmxLojHg==/com.enumedate-me17NRi_DrNcJuGbRFdzqA==/lib/x86
07-30 14:13:28.266 16786 16827 D SoLoader: Not resolving dependencies for libfbjni.so
07-30 14:13:28.289 16786 16786 D LifecycleMonitor: Lifecycle status change: com.enumedate.MainActivity@e3a83eb in: CREATED
07-30 14:13:28.290 16786 16786 D LifecycleMonitor: Lifecycle status change: com.enumedate.MainActivity@e3a83eb in: STARTED
07-30 14:13:28.291 16786 16786 D LifecycleMonitor: Lifecycle status change: com.enumedate.MainActivity@e3a83eb in: RESUMED
07-30 14:13:28.291 16786 16827 V AsyncStorageExpoMigration: No scoped database found
07-30 14:13:28.315 16786 16827 W unknown:ReactContext: initializeMessageQueueThreads() is called.
07-30 14:13:28.321 16786 16824 D HostConnection: HostConnection::get() New Host Connection established 0xef41ea10, tid 16824
07-30 14:13:28.337 16786 16824 D HostConnection: HostComposition ext ANDROID_EMU_CHECKSUM_HELPER_v1 ANDROID_EMU_native_sync_v2 ANDROID_EMU_native_sync_v3 ANDROID_EMU_native_sync_v4 ANDROID_EMU_dma_v1 ANDROID_EMU_direct_mem ANDROID_EMU_host_composition_v1 ANDROID_EMU_host_composition_v2 ANDROID_EMU_YUV_Cache ANDROID_EMU_has_shared_slots_host_memory_allocator ANDROID_EMU_sync_buffer_data ANDROID_EMU_read_color_buffer_dma GL_OES_EGL_image_external_essl3 GL_OES_vertex_array_object GL_KHR_texture_compression_astc_ldr ANDROID_EMU_host_side_tracing ANDROID_EMU_gles_max_version_3_0 
07-30 14:13:28.341 16786 16824 W OpenGLRenderer: Failed to choose config with EGL_SWAP_BEHAVIOR_PRESERVED, retrying without...
07-30 14:13:28.341 16786 16824 D EGL_emulation: eglCreateContext: 0xef435920: maj 3 min 0 rcv 3
07-30 14:13:28.342 16786 16824 D EGL_emulation: eglMakeCurrent: 0xef435920: ver 3 0 (tinfo 0xbd740750) (first time)
07-30 14:13:28.362 16786 16824 I Gralloc4: mapper 4.x is not supported
07-30 14:13:28.377 16786 16824 D HostConnection: createUnique: call
07-30 14:13:28.379 16786 16824 D HostConnection: HostConnection::get() New Host Connection established 0xef432f20, tid 16824
07-30 14:13:28.379 16786 16824 D goldfish-address-space: allocate: Ask for block of size 0x100
07-30 14:13:28.380 16786 16824 D goldfish-address-space: allocate: ioctl allocate returned offset 0x3e7ffe000 size 0x2000
07-30 14:13:28.383 16786 16832 W unknown:ViewManagerPropertyUpdater: Could not find generated setter for class com.facebook.react.views.drawer.ReactDrawerLayoutManager
07-30 14:13:28.389 16786 16832 W unknown:ViewManagerPropertyUpdater: Could not find generated setter for class com.facebook.react.uimanager.LayoutShadowNode
07-30 14:13:28.392 16786 16824 D HostConnection: HostComposition ext ANDROID_EMU_CHECKSUM_HELPER_v1 ANDROID_EMU_native_sync_v2 ANDROID_EMU_native_sync_v3 ANDROID_EMU_native_sync_v4 ANDROID_EMU_dma_v1 ANDROID_EMU_direct_mem ANDROID_EMU_host_composition_v1 ANDROID_EMU_host_composition_v2 ANDROID_EMU_YUV_Cache ANDROID_EMU_has_shared_slots_host_memory_allocator ANDROID_EMU_sync_buffer_data ANDROID_EMU_read_color_buffer_dma GL_OES_EGL_image_external_essl3 GL_OES_vertex_array_object GL_KHR_texture_compression_astc_ldr ANDROID_EMU_host_side_tracing ANDROID_EMU_gles_max_version_3_0 
07-30 14:13:28.393 16786 16832 W unknown:ViewManagerPropertyUpdater: Could not find generated setter for class com.facebook.react.views.scroll.ReactHorizontalScrollViewManager
07-30 14:13:28.394 16786 16832 W unknown:ViewManagerPropertyUpdater: Could not find generated setter for class com.facebook.react.views.scroll.ReactHorizontalScrollContainerViewManager
07-30 14:13:28.398 16786 16832 W unknown:ViewManagerPropertyUpdater: Could not find generated setter for class com.facebook.react.views.progressbar.ReactProgressBarViewManager
07-30 14:13:28.402 16786 16832 W unknown:ViewManagerPropertyUpdater: Could not find generated setter for class com.facebook.react.views.progressbar.ProgressBarShadowNode
07-30 14:13:28.403 16786 16832 W unknown:ViewManagerPropertyUpdater: Could not find generated setter for class com.facebook.react.views.scroll.ReactScrollViewManager
07-30 14:13:28.406 16786 16832 W unknown:ViewManagerPropertyUpdater: Could not find generated setter for class com.facebook.react.views.slider.ReactSliderManager
07-30 14:13:28.416 16786 16832 W unknown:ViewManagerPropertyUpdater: Could not find generated setter for class com.facebook.react.views.slider.ReactSliderManager$ReactSliderShadowNode
07-30 14:13:28.416 16786 16832 W unknown:ViewManagerPropertyUpdater: Could not find generated setter for class com.facebook.react.views.switchview.ReactSwitchManager
07-30 14:13:28.417 16786 16832 W unknown:ViewManagerPropertyUpdater: Could not find generated setter for class com.facebook.react.views.switchview.ReactSwitchManager$ReactSwitchShadowNode
07-30 14:13:28.418 16786 16832 W unknown:ViewManagerPropertyUpdater: Could not find generated setter for class com.facebook.react.views.swiperefresh.SwipeRefreshLayoutManager
07-30 14:13:28.437 16786 16832 W unknown:ViewManagerPropertyUpdater: Could not find generated setter for class com.facebook.react.views.text.frescosupport.FrescoBasedReactTextInlineImageViewManager
07-30 14:13:28.437 16786 16832 W unknown:ViewManagerPropertyUpdater: Could not find generated setter for class com.facebook.react.views.text.frescosupport.FrescoBasedReactTextInlineImageShadowNode
07-30 14:13:28.448 16786 16832 W unknown:ViewManagerPropertyUpdater: Could not find generated setter for class com.facebook.react.views.image.ReactImageManager
07-30 14:13:28.451 16786 16808 I Detox   : Detox server connection details: url=ws://localhost:51340, sessionId=3e1160f8-8273-2ee4-25c8-bbe98a4e4243
07-30 14:13:28.451 16786 16832 W unknown:ViewManagerPropertyUpdater: Could not find generated setter for class com.facebook.react.views.modal.ReactModalHostManager
07-30 14:13:28.452 16786 16832 W unknown:ViewManagerPropertyUpdater: Could not find generated setter for class com.facebook.react.views.modal.ModalHostShadowNode
07-30 14:13:28.453 16786 16832 W unknown:ViewManagerPropertyUpdater: Could not find generated setter for class com.facebook.react.views.text.ReactRawTextManager
07-30 14:13:28.453 16786 16832 W unknown:ViewManagerPropertyUpdater: Could not find generated setter for class com.facebook.react.views.text.ReactRawTextShadowNode
07-30 14:13:28.454 16786 16832 W unknown:ViewManagerPropertyUpdater: Could not find generated setter for class com.facebook.react.views.textinput.ReactTextInputManager
07-30 14:13:28.457 16786 16832 W unknown:ViewManagerPropertyUpdater: Could not find generated setter for class com.facebook.react.views.textinput.ReactTextInputShadowNode
07-30 14:13:28.458 16786 16832 W unknown:ViewManagerPropertyUpdater: Could not find generated setter for class com.facebook.react.views.text.ReactTextViewManager
07-30 14:13:28.459 16786 16832 W unknown:ViewManagerPropertyUpdater: Could not find generated setter for class com.facebook.react.views.text.ReactTextShadowNode
07-30 14:13:28.460 16786 16832 W unknown:ViewManagerPropertyUpdater: Could not find generated setter for class com.facebook.react.views.view.ReactViewManager
07-30 14:13:28.463 16786 16832 W unknown:ViewManagerPropertyUpdater: Could not find generated setter for class com.facebook.react.views.text.ReactVirtualTextViewManager
07-30 14:13:28.463 16786 16832 W unknown:ViewManagerPropertyUpdater: Could not find generated setter for class com.facebook.react.views.text.ReactVirtualTextShadowNode
07-30 14:13:28.463 16786 16832 W unknown:ViewManagerPropertyUpdater: Could not find generated setter for class com.facebook.react.views.unimplementedview.ReactUnimplementedViewManager
07-30 14:13:28.472 16786 16832 W unknown:ViewManagerPropertyUpdater: Could not find generated setter for class com.swmansion.gesturehandler.react.RNGestureHandlerRootViewManager
07-30 14:13:28.472 16786 16832 W unknown:ViewManagerPropertyUpdater: Could not find generated setter for class com.swmansion.gesturehandler.react.RNGestureHandlerButtonViewManager
07-30 14:13:28.477 16786 16832 W unknown:ViewManagerPropertyUpdater: Could not find generated setter for class com.th3rdwave.safeareacontext.SafeAreaProviderManager
07-30 14:13:28.477 16786 16832 W unknown:ViewManagerPropertyUpdater: Could not find generated setter for class com.th3rdwave.safeareacontext.SafeAreaViewManager
07-30 14:13:28.480 16786 16832 W unknown:ViewManagerPropertyUpdater: Could not find generated setter for class com.th3rdwave.safeareacontext.SafeAreaViewShadowNode
07-30 14:13:28.481 16786 16832 W unknown:ViewManagerPropertyUpdater: Could not find generated setter for class com.swmansion.rnscreens.ScreenContainerViewManager
07-30 14:13:28.481 16786 16832 W unknown:ViewManagerPropertyUpdater: Could not find generated setter for class com.swmansion.rnscreens.ScreenViewManager
07-30 14:13:28.482 16786 16832 W unknown:ViewManagerPropertyUpdater: Could not find generated setter for class com.swmansion.rnscreens.ScreenStackViewManager
07-30 14:13:28.482 16786 16832 W unknown:ViewManagerPropertyUpdater: Could not find generated setter for class com.swmansion.rnscreens.ScreenStackHeaderConfigViewManager
07-30 14:13:28.484 16786 16834 I DetoxDispatcher: Handling action '_init' (ID #0)...
07-30 14:13:28.485 16786 16834 I Detox   : Connecting to server...
07-30 14:13:28.485 16786 16834 I DetoxWSClient: At connectToServer
07-30 14:13:28.488 16786 16832 W unknown:ViewManagerPropertyUpdater: Could not find generated setter for class com.swmansion.rnscreens.ScreenStackHeaderSubviewManager
07-30 14:13:28.489 16786 16832 W unknown:ViewManagerPropertyUpdater: Could not find generated setter for class com.swmansion.rnscreens.SearchBarManager
07-30 14:13:28.500 16786 16832 W unknown:ReactContext: initializeMessageQueueThreads() is called.
07-30 14:13:28.502 16786 16832 D SoLoader: libyoga.so not found on /data/data/com.enumedate/lib-main
07-30 14:13:28.502 16786 16832 D SoLoader: libyoga.so found on /data/app/~~DbXXeWG236P_31fmxLojHg==/com.enumedate-me17NRi_DrNcJuGbRFdzqA==/lib/x86
07-30 14:13:28.502 16786 16832 D SoLoader: Not resolving dependencies for libyoga.so
07-30 14:13:28.527 16786 16786 D DetoxRNLoading: Got new RN-context directly and immediately
07-30 14:13:28.529 16786 16834 I DetoxRNIdleRes: Setting up Espresso Idling Resources for React Native
07-30 14:13:28.547 16786 16837 D DetoxWSClient: At onOpen
07-30 14:13:28.547 16786 16837 I DetoxWSClient: Sending out action 'login' (ID #0)
07-30 14:13:28.547 16786 16837 I Detox   : Connected to server!
07-30 14:13:28.547 16786 16834 D AsyncStorageIR: Checking whether a custom IR for Async-Storage is required... (legacy=false)
07-30 14:13:28.547 16786 16834 D AsyncStorageIR: IR for Async-Storage is required! (legacy=false)
07-30 14:13:28.549 16786 16834 D AsyncStorageIR: Checking whether a custom IR for Async-Storage is required... (legacy=true)
07-30 14:13:28.549 16786 16834 D AsyncStorageIR: IR for Async-Storage is required! (legacy=true)
07-30 14:13:28.550 16786 16837 D DetoxWSClient: Received action 'loginSuccess' (ID #0, params={"testerConnected":true,"appConnected":true})
07-30 14:13:28.551 16786 16786 D AsyncStorageIR: Async-storage is busy!
07-30 14:13:28.551 16786 16786 D AsyncStorageIRLegacy: Async-storage is busy!
07-30 14:13:28.555 16786 16837 D DetoxWSClient: Received action 'isReady' (ID #-1000, params={})
07-30 14:13:28.556 16786 16834 I DetoxDispatcher: Done with action '_init'
07-30 14:13:28.556 16786 16834 I DetoxDispatcher: Handling action 'isReady' (ID #-1000)...
07-30 14:13:28.820 16786 16830 E ReactNativeJS: i18next::pluralResolver: Your environment seems not to be Intl API compatible, use an Intl.PluralRules polyfill. Will fallback to the compatibilityJSON v3 format handling.
07-30 14:13:28.832 16786 16832 E unknown:ReactNative: console.error: i18next::pluralResolver: Your environment seems not to be Intl API compatible, use an Intl.PluralRules polyfill. Will fallback to the compatibilityJSON v3 format handling., stack:
07-30 14:13:28.832 16786 16832 E unknown:ReactNative: construct@-1
07-30 14:13:28.832 16786 16832 E unknown:ReactNative: construct@-1
07-30 14:13:28.832 16786 16832 E unknown:ReactNative: t@74:347
07-30 14:13:28.832 16786 16832 E unknown:ReactNative: o@72:330
07-30 14:13:28.832 16786 16832 E unknown:ReactNative: construct@-1
07-30 14:13:28.832 16786 16832 E unknown:ReactNative: <unknown>@71:437
07-30 14:13:28.832 16786 16832 E unknown:ReactNative: s@71:637
07-30 14:13:28.832 16786 16832 E unknown:ReactNative: f@71:1781
07-30 14:13:28.832 16786 16832 E unknown:ReactNative: output@712:1024
07-30 14:13:28.832 16786 16832 E unknown:ReactNative: error@712:953
07-30 14:13:28.832 16786 16832 E unknown:ReactNative: e@712:25147
07-30 14:13:28.832 16786 16832 E unknown:ReactNative: value@712:44504
07-30 14:13:28.832 16786 16832 E unknown:ReactNative: value@-1
07-30 14:13:28.832 16786 16832 E unknown:ReactNative: <unknown>@708:1619
07-30 14:13:28.832 16786 16832 E unknown:ReactNative: h@2:1585
07-30 14:13:28.832 16786 16832 E unknown:ReactNative: <unknown>@731:106
07-30 14:13:28.832 16786 16832 E unknown:ReactNative: h@2:1585
07-30 14:13:28.832 16786 16832 E unknown:ReactNative: <unknown>@730:813
07-30 14:13:28.832 16786 16832 E unknown:ReactNative: value@685:93797
07-30 14:13:28.832 16786 16832 E unknown:ReactNative: value@685:94648
07-30 14:13:28.832 16786 16832 E unknown:ReactNative: value@685:35583
07-30 14:13:28.832 16786 16832 E unknown:ReactNative: value@685:35716
07-30 14:13:28.832 16786 16832 E unknown:ReactNative: <unknown>@685:90198
07-30 14:13:28.832 16786 16832 E unknown:ReactNative: find@-1
07-30 14:13:28.832 16786 16832 E unknown:ReactNative: value@685:90174
07-30 14:13:28.832 16786 16832 E unknown:ReactNative: value@685:89543
07-30 14:13:28.832 16786 16832 E unknown:ReactNative: <unknown>@685:79943
07-30 14:13:28.832 16786 16832 E unknown:ReactNative: <unknown>@685:83544
07-30 14:13:28.832 16786 16832 E unknown:ReactNative: forEach@-1
07-30 14:13:28.832 16786 16832 E unknown:ReactNative: value@685:83523
07-30 14:13:28.832 16786 16832 E unknown:ReactNative: value@685:79910
07-30 14:13:28.832 16786 16832 E unknown:ReactNative: r@685:20609
07-30 14:13:28.832 16786 16832 E unknown:ReactNative: _e@685:48260
07-30 14:13:28.832 16786 16832 E unknown:ReactNative: value@685:79719
07-30 14:13:28.832 16786 16832 E unknown:ReactNative: value@685:35079
07-30 14:13:28.832 16786 16832 E unknown:ReactNative: Ye@686:15818
07-30 14:13:28.832 16786 16832 E unknown:ReactNative: i@686:15635
07-30 14:13:28.832 16786 16832 E unknown:ReactNative: value@685:37271
07-30 14:13:28.832 16786 16832 E unknown:ReactNative: Ye@686:15818
07-30 14:13:28.832 16786 16832 E unknown:ReactNative: i@686:15635
07-30 14:13:28.832 16786 16832 E unknown:ReactNative: <unknown>@684:445
07-30 14:13:28.832 16786 16832 E unknown:ReactNative: value@685:92333
07-30 14:13:28.832 16786 16832 E unknown:ReactNative: value@685:91810
07-30 14:13:28.832 16786 16832 E unknown:ReactNative: <unknown>@685:79943
07-30 14:13:28.832 16786 16832 E unknown:ReactNative: <unknown>@685:83544
07-30 14:13:28.832 16786 16832 E unknown:ReactNative: forEach@-1
07-30 14:13:28.832 16786 16832 E unknown:ReactNative: value@685:83523
07-30 14:13:28.832 16786 16832 E unknown:ReactNative: value@685:79910
07-30 14:13:28.832 16786 16832 E unknown:ReactNative: r@685:20609
07-30 14:13:28.832 16786 16832 E unknown:ReactNative: _e@685:48260
07-30 14:13:28.832 16786 16832 E unknown:ReactNative: value@685:79719
07-30 14:13:28.832 16786 16832 E unknown:ReactNative: value@685:35079
07-30 14:13:28.832 16786 16832 E unknown:ReactNative: Ye@686:15818
07-30 14:13:28.832 16786 16832 E unknown:ReactNative: i@686:15635
07-30 14:13:28.832 16786 16832 E unknown:ReactNative: value@685:37271
07-30 14:13:28.832 16786 16832 E unknown:ReactNative: Ye@686:15818
07-30 14:13:28.832 16786 16832 E unknown:ReactNative: i@686:15635
07-30 14:13:28.832 16786 16832 E unknown:ReactNative: <unknown>@684:540
07-30 14:13:28.832 16786 16832 E unknown:ReactNative: h@2:1585
07-30 14:13:28.832 16786 16832 E unknown:ReactNative: <unknown>@682:586
07-30 14:13:28.832 16786 16832 E unknown:ReactNative: h@2:1585
07-30 14:13:28.832 16786 16832 E unknown:ReactNative: <unknown>@6:61
07-30 14:13:28.832 16786 16832 E unknown:ReactNative: h@2:1585
07-30 14:13:28.832 16786 16832 E unknown:ReactNative: d@2:958
07-30 14:13:28.832 16786 16832 E unknown:ReactNative: global code@1023:3
07-30 14:13:28.832 16786 16830 I ReactNativeJS: 'i18next: languageChanged', 'en-US'
07-30 14:13:28.836 16786 16830 I ReactNativeJS: 'i18next: initialized', { initImmediate: true,
07-30 14:13:28.836 16786 16830 I ReactNativeJS:   fallbackNS: false,
07-30 14:13:28.836 16786 16830 I ReactNativeJS:   supportedLngs: false,
07-30 14:13:28.836 16786 16830 I ReactNativeJS:   nonExplicitSupportedLngs: false,
07-30 14:13:28.836 16786 16830 I ReactNativeJS:   load: 'all',
07-30 14:13:28.836 16786 16830 I ReactNativeJS:   preload: false,
07-30 14:13:28.836 16786 16830 I ReactNativeJS:   simplifyPluralSuffix: true,
07-30 14:13:28.836 16786 16830 I ReactNativeJS:   keySeparator: '.',
07-30 14:13:28.836 16786 16830 I ReactNativeJS:   nsSeparator: ':',
07-30 14:13:28.836 16786 16830 I ReactNativeJS:   pluralSeparator: '_',
07-30 14:13:28.836 16786 16830 I ReactNativeJS:   contextSeparator: '_',
07-30 14:13:28.836 16786 16830 I ReactNativeJS:   partialBundledLanguages: false,
07-30 14:13:28.836 16786 16830 I ReactNativeJS:   saveMissing: false,
07-30 14:13:28.836 16786 16830 I ReactNativeJS:   updateMissing: false,
07-30 14:13:28.836 16786 16830 I ReactNativeJS:   saveMissingTo: 'fallback',
07-30 14:13:28.836 16786 16830 I ReactNativeJS:   saveMissingPlurals: true,
07-30 14:13:28.836 16786 16830 I ReactNativeJS:   missingKeyHandler: false,
07-30 14:13:28.836 16786 16830 I ReactNativeJS:   missingInterpolationHandler: false,
07-30 14:13:28.836 16786 16830 I ReactNativeJS:   postProcess: false,
07-30 14:13:28.836 16786 16830 I ReactNativeJS:   postProcessPassResolved: false,
07-30 14:13:28.836 16786 16830 I ReactNativeJS:   returnNull: true,
07-30 14:13:28.836 16786 16830 I ReactNativeJS:   returnEmptyString: true,
07-30 14:13:28.836 16786 16830 I ReactNativeJS:   returnObjects: false,
07-30 14:13:28.836 16786 16830 I ReactNativeJS:   joinArrays: false,
07-30 14:13:28.836 16786 16830 I ReactNativeJS:   returnedObjectHandler: false,
07-30 14:13:28.836 16786 16830 I ReactNativeJS:   parseMissingKeyHandler: false,
07-30 14:13:28.836 16786 16830 I ReactNativeJS:   appendNamespaceToMissingKey: false,
07-30 14:13:28.836 16786 16830 I ReactNativeJS:   appendNamespaceToCIMode: false,
07-30 14:13:28.836 16786 16830 I ReactNativeJS:   overloadTranslationOptionHandler: [Function: overloadTranslationOptionHandler],
07-30 14:13:28.836 16786 16830 I ReactNativeJS:   debug: true,
07-30 14:13:28.836 16786 16830 I ReactNativeJS:   fallbackLng: [ 'en', 'zh-HK' ],
07-30 14:13:28.836 16786 16830 I ReactNativeJS:   lng: 'en-US',
07-30 14:13:28.836 16786 16830 I ReactNativeJS:   ns: [ 'common' ],
07-30 14:13:28.836 16786 16830 I ReactNativeJS:   interpolation: 
07-30 14:13:28.836 16786 16830 I ReactNativeJS:    { format: [Function: format],
07-30 14:13:28.836 16786 16830 I ReactNativeJS:      prefix: '{{',
07-30 14:13:28.836 16786 16830 I ReactNativeJS:      suffix: '}}',
07-30 14:13:28.836 16786 16830 I ReactNativeJS:      formatSeparator: ',',
07-30 14:13:28.836 16786 16830 I ReactNativeJS:      unescapePrefix: '-',
07-30 14:13:28.836 16786 16830 I ReactNativeJS:      nestingPrefix: '$t(',
07-30 14:13:28.836 16786 16830 I ReactNativeJS:      nestingSuffix: ')',
07-30 14:13:28.836 16786 16830 I ReactNativeJS:      nestingOptionsSeparator: ',',
07-30 14:13:28.836 16786 16830 I ReactNativeJS:      maxReplaces: 1000,
07-30 14:13:28.836 16786 16830 I ReactNativeJS:      skipOnVariables: true,
07-30 14:13:28.836 16786 16830 I ReactNativeJS:      escapeValue: false },
07-30 14:13:28.836 16786 16830 I ReactNativeJS:   resources: 
07-30 14:13:28.836 16786 16830 I ReactNativeJS:    { en: 
07-30 14:13:28.836 16786 16830 I ReactNativeJS:       { common: 
07-30 14:13:28.836 16786 16830 I ReactNativeJS:          { 'Add New Event': 'Add New Event',
07-30 14:13:28.836 16786 16830 I ReactNativeJS:            'Create Account Error': 'Create an account to add more events',
07-30 14:13:28.836 16786 16830 I ReactNativeJS:            Home: 'Home',
07-30 14:13:28.836 16786 16830 I ReactNativeJS:            'Add Event': 'Add Event',
07-30 14:13:28.836 16786 16830 I ReactNativeJS:            'Edit Event': 'Edit Event',
07-30 14:13:28.836 16786 16830 I ReactNativeJS:            name: 'Name',
07-30 14:13:28.836 16786 16830 I ReactNativeJS:            'enter name': 'Enter Name',
07-30 14:13:28.836 16786 16830 I ReactNativeJS:            date: 'Date',
07-30 14:13:28.836 16786 16830 I ReactNativeJS:            'select a date': 'Select a Date',
07-30 14:13:28.836 16786 16830 I ReactNativeJS:            Required: 'You need to add a {{field}}',
07-30 14:13:28.836 16786 16830 I ReactNativeJS:            Save: 'Save',
07-30 14:13:28.836 16786 16830 I ReactNativeJS:            'Change language': 'Change language',
07-30 14:13:28.836 16786 16830 I ReactNativeJS:            Settings: 'Settings',
07-30 14:13:28.836 16786 16830 I ReactNativeJS:            'Too long': 'Too Long',
07-30 14:13:28.836 16786 16830 I ReactNativeJS:            'Date of Event': 'Date of Event',
07-30 14:13:28.836 16786 16830 I ReactNativeJS:            Confirm: 'Confirm',
07-30 14:13:28.836 16786 16830 I ReactNativeJS:            language: 'Language',
07-30 14:13:28.836 16786 16830 I ReactNativeJS:            'select a language': 'Select a Language',
07-30 14:13:28.836 16786 16830 I ReactNativeJS:            'days since': '{{diff}} <bold>{{unit}}</bold> since {{start}}',
07-30 14:13:28.836 16786 16830 I ReactNativeJS:            days: 'Days',
07-30 14:13:28.836 16786 16830 I ReactNativeJS:            minutes: 'Minutes',
07-30 14:13:28.836 16786 16830 I ReactNativeJS:            hours: 'Hours',
07-30 14:13:28.836 16786 16830 I ReactNativeJS:            weeks: 'Weeks',
07-30 14:13:28.836 16786 16830 I ReactNativeJS:            months: 'Months',
07-30 14:13:28.836 16786 16830 I ReactNativeJS:            years: 'Years',
07-30 14:13:28.836 16786 16830 I ReactNativeJS:            unit: 'Unit' } },
07-30 14:13:28.836 16786 16830 I ReactNativeJS:      'zh-HK': 
07-30 14:13:28.836 16786 16830 I ReactNativeJS:       { common: 
07-30 14:13:28.836 16786 16830 I ReactNativeJS:          { 'Add New Event': '新增活動',
07-30 14:13:28.836 16786 16830 I ReactNativeJS:            'Create Account Error': '想創建更多活動請先注冊用戶',
07-30 14:13:28.836 16786 16830 I ReactNativeJS:            Home: '主頁',
07-30 14:13:28.836 16786 16830 I ReactNativeJS:            'Add Event': '新增活動',
07-30 14:13:28.836 16786 16830 I ReactNativeJS:            'Edit Event': '編輯活動',
07-30 14:13:28.836 16786 16830 I ReactNativeJS:            name: '名字',
07-30 14:13:28.836 16786 16830 I ReactNativeJS:            'enter name': '輸入名字',
07-30 14:13:28.836 16786 16830 I ReactNativeJS:            date: '日期',
07-30 14:13:28.836 16786 16830 I ReactNativeJS:            'select a date': '請選擇日期',
07-30 14:13:28.836 16786 16830 I ReactNativeJS:            Required: '請輸入{{field}}',
07-30 14:13:28.836 16786 16830 I ReactNativeJS:            Save: '儲存',
07-30 14:13:28.836 16786 16830 I ReactNativeJS:            'Change language': '更改語言',
07-30 14:13:28.836 16786 16830 I ReactNativeJS:            Settings: '設定',
07-30 14:13:28.836 16786 16830 I ReactNativeJS:            'Too long': '字數過長',
07-30 14:13:28.836 16786 16830 I ReactNativeJS:            'Date of Event': '活動日期',
07-30 14:13:28.836 16786 16830 I ReactNativeJS:            Confirm: '確認',
07-30 14:13:28.836 16786 16830 I ReactNativeJS:            language: '語言',
07-30 14:13:28.836 16786 16830 I ReactNativeJS:            'select a language': '請選擇語言' } } },
07-30 14:13:28.836 16786 16830 I ReactNativeJS:   defaultNS: 'common',
07-30 14:13:28.836 16786 16830 I ReactNativeJS:   ignoreJSONStructure: true }
07-30 14:13:28.972 16786 16830 D SoLoader: libturbomodulejsijni.so not found on /data/data/com.enumedate/lib-main
07-30 14:13:28.972 16786 16830 D SoLoader: libturbomodulejsijni.so found on /data/app/~~DbXXeWG236P_31fmxLojHg==/com.enumedate-me17NRi_DrNcJuGbRFdzqA==/lib/x86
07-30 14:13:28.972 16786 16830 D SoLoader: Not resolving dependencies for libturbomodulejsijni.so
07-30 14:13:29.224 16786 16830 I ReactNativeJS: Running "EnumeDate
07-30 14:13:29.432 16786 16832 W unknown:ViewManagerPropertyUpdater: Could not find generated setter for class com.swmansion.rnscreens.ScreensShadowNode
07-30 14:13:29.540 16786 16786 I ReactNative: [GESTURE HANDLER] Initialize gesture handler for root view com.facebook.react.ReactRootView{a91c745 V.E...... ......ID 0,0-1440,2700 #1}
07-30 14:13:29.548 16786 16786 I ReactNative: [GESTURE HANDLER] Gesture handler is already enabled for a parent view
07-30 14:13:29.814 16786 16786 I Detox   : AnimatedModule is busy.
07-30 14:13:29.908 16786 16786 I chatty  : uid=10188(com.enumedate) identical 6 lines
07-30 14:13:29.923 16786 16786 I Detox   : AnimatedModule is busy.
07-30 14:13:29.969 16786 16786 I Detox   : UIManagerModule is busy
07-30 14:13:29.977 16786 16786 I Detox   : Wait is over: app is now idle!
07-30 14:13:29.977 16786 16834 I DetoxWSClient: Sending out action 'ready' (ID #-1000)
07-30 14:13:29.977 16786 16834 I DetoxDispatcher: Done with action 'isReady'
07-30 14:13:29.977 16786 16834 I DetoxDispatcher: Handling action 'loginSuccess' (ID #0)...
07-30 14:13:29.977 16786 16834 I DetoxDispatcher: Done with action 'loginSuccess'
07-30 14:13:29.977 16786 16834 I DetoxDispatcher: Handling action 'isReady' (ID #-1000)...
07-30 14:13:29.981 16786 16786 I Detox   : Wait is over: app is now idle!
07-30 14:13:29.981 16786 16834 I DetoxWSClient: Sending out action 'ready' (ID #-1000)
07-30 14:13:29.981 16786 16834 I DetoxDispatcher: Done with action 'isReady'
