07-30 13:45:50.619 14662 14684 W com.enumedate: Unable to resolve Lcom/wix/detox/espresso/utils/Vector2DKt; annotation class 2321
07-30 13:45:50.620 14662 14684 W com.enumedate: Unable to resolve Lcom/wix/detox/reactnative/MQThreadReflected; annotation class 2321
07-30 13:45:50.620 14662 14684 I chatty  : uid=10178(com.enumedate) roidJUnitRunner identical 1 line
07-30 13:45:50.620 14662 14684 W com.enumedate: Unable to resolve Lcom/wix/detox/reactnative/MQThreadReflected; annotation class 2321
07-30 13:45:50.620 14662 14684 W com.enumedate: Unable to resolve Lcom/wix/detox/reactnative/MQThreadsReflector; annotation class 2321
07-30 13:45:50.620 14662 14684 I chatty  : uid=10178(com.enumedate) roidJUnitRunner identical 1 line
07-30 13:45:50.620 14662 14684 W com.enumedate: Unable to resolve Lcom/wix/detox/reactnative/MQThreadsReflector; annotation class 2321
07-30 13:45:50.621 14662 14684 W com.enumedate: Unable to resolve Lcom/wix/detox/reactnative/RNVersion; annotation class 2321
07-30 13:45:50.621 14662 14684 I chatty  : uid=10178(com.enumedate) roidJUnitRunner identical 1 line
07-30 13:45:50.621 14662 14684 W com.enumedate: Unable to resolve Lcom/wix/detox/reactnative/RNVersion; annotation class 2321
07-30 13:45:50.621 14662 14684 W com.enumedate: Unable to resolve Lcom/wix/detox/reactnative/ReactNativeExtension; annotation class 2321
07-30 13:45:50.621 14662 14684 I chatty  : uid=10178(com.enumedate) roidJUnitRunner identical 1 line
07-30 13:45:50.621 14662 14684 W com.enumedate: Unable to resolve Lcom/wix/detox/reactnative/ReactNativeExtension; annotation class 2321
07-30 13:45:50.621 14662 14684 W com.enumedate: Unable to resolve Lcom/wix/detox/reactnative/ReactNativeExtensionKt; annotation class 2321
07-30 13:45:50.621 14662 14684 I chatty  : uid=10178(com.enumedate) roidJUnitRunner identical 1 line
07-30 13:45:50.621 14662 14684 W com.enumedate: Unable to resolve Lcom/wix/detox/reactnative/ReactNativeExtensionKt; annotation class 2321
07-30 13:45:50.621 14662 14684 W com.enumedate: Unable to resolve Lcom/wix/detox/reactnative/ReactNativeIdlingResources; annotation class 2321
07-30 13:45:50.621 14662 14684 I chatty  : uid=10178(com.enumedate) roidJUnitRunner identical 1 line
07-30 13:45:50.621 14662 14684 W com.enumedate: Unable to resolve Lcom/wix/detox/reactnative/ReactNativeIdlingResources; annotation class 2321
07-30 13:45:50.622 14662 14684 W com.enumedate: Unable to resolve Lcom/wix/detox/reactnative/ReactNativeIdlingResourcesKt; annotation class 2321
07-30 13:45:50.622 14662 14684 I chatty  : uid=10178(com.enumedate) roidJUnitRunner identical 1 line
07-30 13:45:50.622 14662 14684 W com.enumedate: Unable to resolve Lcom/wix/detox/reactnative/ReactNativeIdlingResourcesKt; annotation class 2321
07-30 13:45:50.622 14662 14684 W com.enumedate: Unable to resolve Lcom/wix/detox/reactnative/ReactNativeInfo; annotation class 2321
07-30 13:45:50.622 14662 14684 I chatty  : uid=10178(com.enumedate) roidJUnitRunner identical 1 line
07-30 13:45:50.622 14662 14684 W com.enumedate: Unable to resolve Lcom/wix/detox/reactnative/ReactNativeInfo; annotation class 2321
07-30 13:45:50.622 14662 14684 W com.enumedate: Unable to resolve Lcom/wix/detox/reactnative/ReactNativeLoadingMonitor; annotation class 2321
07-30 13:45:50.622 14662 14684 I chatty  : uid=10178(com.enumedate) roidJUnitRunner identical 1 line
07-30 13:45:50.622 14662 14684 W com.enumedate: Unable to resolve Lcom/wix/detox/reactnative/ReactNativeLoadingMonitor; annotation class 2321
07-30 13:45:50.622 14662 14684 W com.enumedate: Unable to resolve Lcom/wix/detox/reactnative/ReactNativeLoadingMonitorKt; annotation class 2321
07-30 13:45:50.622 14662 14684 I chatty  : uid=10178(com.enumedate) roidJUnitRunner identical 1 line
07-30 13:45:50.622 14662 14684 W com.enumedate: Unable to resolve Lcom/wix/detox/reactnative/ReactNativeLoadingMonitorKt; annotation class 2321
07-30 13:45:50.622 14662 14684 W com.enumedate: Unable to resolve Lcom/wix/detox/reactnative/ReactNativeReLoader; annotation class 2321
07-30 13:45:50.623 14662 14684 I chatty  : uid=10178(com.enumedate) roidJUnitRunner identical 1 line
07-30 13:45:50.623 14662 14684 W com.enumedate: Unable to resolve Lcom/wix/detox/reactnative/ReactNativeReLoader; annotation class 2321
07-30 13:45:50.623 14662 14684 W com.enumedate: Unable to resolve Lcom/wix/detox/reactnative/helpers/RNHelpers; annotation class 2321
07-30 13:45:50.623 14662 14684 I chatty  : uid=10178(com.enumedate) roidJUnitRunner identical 1 line
07-30 13:45:50.623 14662 14684 W com.enumedate: Unable to resolve Lcom/wix/detox/reactnative/helpers/RNHelpers; annotation class 2321
07-30 13:45:50.623 14662 14684 W com.enumedate: Unable to resolve Lcom/wix/detox/reactnative/helpers/RNHelpersKt; annotation class 2321
07-30 13:45:50.623 14662 14684 I chatty  : uid=10178(com.enumedate) roidJUnitRunner identical 1 line
07-30 13:45:50.623 14662 14684 W com.enumedate: Unable to resolve Lcom/wix/detox/reactnative/helpers/RNHelpersKt; annotation class 2321
07-30 13:45:50.623 14662 14684 W com.enumedate: Unable to resolve Lcom/wix/detox/reactnative/idlingresources/AsyncStorageIdlingResource; annotation class 2321
07-30 13:45:50.623 14662 14684 I chatty  : uid=10178(com.enumedate) roidJUnitRunner identical 1 line
07-30 13:45:50.623 14662 14684 W com.enumedate: Unable to resolve Lcom/wix/detox/reactnative/idlingresources/AsyncStorageIdlingResource; annotation class 2321
07-30 13:45:50.623 14662 14684 W com.enumedate: Unable to resolve Lcom/wix/detox/reactnative/idlingresources/AsyncStorageIdlingResourceKt; annotation class 2321
07-30 13:45:50.624 14662 14684 I chatty  : uid=10178(com.enumedate) roidJUnitRunner identical 1 line
07-30 13:45:50.624 14662 14684 W com.enumedate: Unable to resolve Lcom/wix/detox/reactnative/idlingresources/AsyncStorageIdlingResourceKt; annotation class 2321
07-30 13:45:50.624 14662 14684 W com.enumedate: Unable to resolve Lcom/wix/detox/reactnative/idlingresources/AsyncStorageIdlingResourceLegacy; annotation class 2321
07-30 13:45:50.624 14662 14684 W com.enumedate: Unable to resolve Lcom/wix/detox/reactnative/idlingresources/AsyncStorageIdlingResourceLegacy; annotation class 2321
07-30 13:45:50.624 14662 14684 W com.enumedate: Unable to resolve Lcom/wix/detox/reactnative/idlingresources/AsyncStorageIdlingResource; annotation class 2321
07-30 13:45:50.624 14662 14684 W com.enumedate: Unable to resolve Lcom/wix/detox/reactnative/idlingresources/AsyncStorageIdlingResourceLegacy; annotation class 2321
07-30 13:45:50.624 14662 14684 W com.enumedate: Unable to resolve Lcom/wix/detox/reactnative/idlingresources/AsyncStorageIdlingResource; annotation class 2321
07-30 13:45:50.625 14662 14684 W com.enumedate: Unable to resolve Lcom/wix/detox/reactnative/idlingresources/IdlingResourceDescription; annotation class 2321
07-30 13:45:50.625 14662 14684 I chatty  : uid=10178(com.enumedate) roidJUnitRunner identical 1 line
07-30 13:45:50.625 14662 14684 W com.enumedate: Unable to resolve Lcom/wix/detox/reactnative/idlingresources/IdlingResourceDescription; annotation class 2321
07-30 13:45:50.625 14662 14684 W com.enumedate: Unable to resolve Lcom/wix/detox/reactnative/idlingresources/ModuleReflected; annotation class 2321
07-30 13:45:50.625 14662 14684 I chatty  : uid=10178(com.enumedate) roidJUnitRunner identical 1 line
07-30 13:45:50.625 14662 14684 W com.enumedate: Unable to resolve Lcom/wix/detox/reactnative/idlingresources/ModuleReflected; annotation class 2321
07-30 13:45:50.625 14662 14684 W com.enumedate: Unable to resolve Lcom/wix/detox/reactnative/idlingresources/NetworkingModuleReflected; annotation class 2321
07-30 13:45:50.625 14662 14684 I chatty  : uid=10178(com.enumedate) roidJUnitRunner identical 1 line
07-30 13:45:50.625 14662 14684 W com.enumedate: Unable to resolve Lcom/wix/detox/reactnative/idlingresources/NetworkingModuleReflected; annotation class 2321
07-30 13:45:50.625 14662 14684 W com.enumedate: Unable to resolve Lcom/wix/detox/reactnative/idlingresources/SerialExecutorReflected; annotation class 2321
07-30 13:45:50.625 14662 14684 I chatty  : uid=10178(com.enumedate) roidJUnitRunner identical 1 line
07-30 13:45:50.625 14662 14684 W com.enumedate: Unable to resolve Lcom/wix/detox/reactnative/idlingresources/SerialExecutorReflected; annotation class 2321
07-30 13:45:50.626 14662 14684 W com.enumedate: Unable to resolve Lcom/wix/detox/reactnative/idlingresources/timers/DefaultIdleInterrogationStrategy; annotation class 2321
07-30 13:45:50.626 14662 14684 I chatty  : uid=10178(com.enumedate) roidJUnitRunner identical 1 line
07-30 13:45:50.626 14662 14684 W com.enumedate: Unable to resolve Lcom/wix/detox/reactnative/idlingresources/timers/DefaultIdleInterrogationStrategy; annotation class 2321
07-30 13:45:50.626 14662 14684 W com.enumedate: Unable to resolve Lcom/wix/detox/reactnative/idlingresources/timers/DefaultIdleInterrogationStrategyKt; annotation class 2321
07-30 13:45:50.626 14662 14684 I chatty  : uid=10178(com.enumedate) roidJUnitRunner identical 1 line
07-30 13:45:50.626 14662 14684 W com.enumedate: Unable to resolve Lcom/wix/detox/reactnative/idlingresources/timers/DefaultIdleInterrogationStrategyKt; annotation class 2321
07-30 13:45:50.626 14662 14684 W com.enumedate: Unable to resolve Lcom/wix/detox/reactnative/idlingresources/timers/DelegatedIdleInterrogationStrategy; annotation class 2321
07-30 13:45:50.626 14662 14684 I chatty  : uid=10178(com.enumedate) roidJUnitRunner identical 1 line
07-30 13:45:50.626 14662 14684 W com.enumedate: Unable to resolve Lcom/wix/detox/reactnative/idlingresources/timers/DelegatedIdleInterrogationStrategy; annotation class 2321
07-30 13:45:50.626 14662 14684 W com.enumedate: Unable to resolve Lcom/wix/detox/reactnative/idlingresources/timers/DelegatedIdleInterrogationStrategyKt; annotation class 2321
07-30 13:45:50.626 14662 14684 I chatty  : uid=10178(com.enumedate) roidJUnitRunner identical 1 line
07-30 13:45:50.626 14662 14684 W com.enumedate: Unable to resolve Lcom/wix/detox/reactnative/idlingresources/timers/DelegatedIdleInterrogationStrategyKt; annotation class 2321
07-30 13:45:50.626 14662 14684 W com.enumedate: Unable to resolve Lcom/wix/detox/reactnative/idlingresources/timers/IdleInterrogationStrategyKt; annotation class 2321
07-30 13:45:50.627 14662 14684 I chatty  : uid=10178(com.enumedate) roidJUnitRunner identical 1 line
07-30 13:45:50.627 14662 14684 W com.enumedate: Unable to resolve Lcom/wix/detox/reactnative/idlingresources/timers/IdleInterrogationStrategyKt; annotation class 2321
07-30 13:45:50.627 14662 14684 W com.enumedate: Unable to resolve Lcom/wix/detox/reactnative/idlingresources/timers/RN62TimingModuleReflected; annotation class 2321
07-30 13:45:50.627 14662 14684 I chatty  : uid=10178(com.enumedate) roidJUnitRunner identical 1 line
07-30 13:45:50.627 14662 14684 W com.enumedate: Unable to resolve Lcom/wix/detox/reactnative/idlingresources/timers/RN62TimingModuleReflected; annotation class 2321
07-30 13:45:50.627 14662 14684 W com.enumedate: Unable to resolve Lcom/wix/detox/reactnative/idlingresources/timers/TimerReflected; annotation class 2321
07-30 13:45:50.627 14662 14684 I chatty  : uid=10178(com.enumedate) roidJUnitRunner identical 1 line
07-30 13:45:50.627 14662 14684 W com.enumedate: Unable to resolve Lcom/wix/detox/reactnative/idlingresources/timers/TimerReflected; annotation class 2321
07-30 13:45:50.627 14662 14684 W com.enumedate: Unable to resolve Lcom/wix/detox/reactnative/idlingresources/timers/TimersIdlingResource; annotation class 2321
07-30 13:45:50.627 14662 14684 I chatty  : uid=10178(com.enumedate) roidJUnitRunner identical 1 line
07-30 13:45:50.627 14662 14684 W com.enumedate: Unable to resolve Lcom/wix/detox/reactnative/idlingresources/timers/TimersIdlingResource; annotation class 2321
07-30 13:45:50.627 14662 14684 W com.enumedate: Unable to resolve Lcom/wix/detox/reactnative/idlingresources/timers/TimingModuleReflected; annotation class 2321
07-30 13:45:50.627 14662 14684 I chatty  : uid=10178(com.enumedate) roidJUnitRunner identical 1 line
07-30 13:45:50.628 14662 14684 W com.enumedate: Unable to resolve Lcom/wix/detox/reactnative/idlingresources/timers/TimingModuleReflected; annotation class 2321
07-30 13:45:50.628 14662 14684 W com.enumedate: Unable to resolve Lcom/wix/detox/reactnative/idlingresources/uimodule/DispatchCommandOperationReflected; annotation class 2321
07-30 13:45:50.628 14662 14684 I chatty  : uid=10178(com.enumedate) roidJUnitRunner identical 1 line
07-30 13:45:50.628 14662 14684 W com.enumedate: Unable to resolve Lcom/wix/detox/reactnative/idlingresources/uimodule/DispatchCommandOperationReflected; annotation class 2321
07-30 13:45:50.628 14662 14684 W com.enumedate: Unable to resolve Lcom/wix/detox/reactnative/idlingresources/uimodule/DispatchCommandOperationReflectedKt; annotation class 2321
07-30 13:45:50.628 14662 14684 I chatty  : uid=10178(com.enumedate) roidJUnitRunner identical 1 line
07-30 13:45:50.628 14662 14684 W com.enumedate: Unable to resolve Lcom/wix/detox/reactnative/idlingresources/uimodule/DispatchCommandOperationReflectedKt; annotation class 2321
07-30 13:45:50.628 14662 14684 W com.enumedate: Unable to resolve Lcom/wix/detox/reactnative/idlingresources/uimodule/NativeHierarchyManagerReflected; annotation class 2321
07-30 13:45:50.628 14662 14684 I chatty  : uid=10178(com.enumedate) roidJUnitRunner identical 1 line
07-30 13:45:50.629 14662 14684 W com.enumedate: Unable to resolve Lcom/wix/detox/reactnative/idlingresources/uimodule/NativeHierarchyManagerReflected; annotation class 2321
07-30 13:45:50.629 14662 14684 W com.enumedate: Unable to resolve Lcom/wix/detox/reactnative/idlingresources/uimodule/NativeHierarchyManagerReflectedKt; annotation class 2321
07-30 13:45:50.629 14662 14684 I chatty  : uid=10178(com.enumedate) roidJUnitRunner identical 1 line
07-30 13:45:50.629 14662 14684 W com.enumedate: Unable to resolve Lcom/wix/detox/reactnative/idlingresources/uimodule/NativeHierarchyManagerReflectedKt; annotation class 2321
07-30 13:45:50.629 14662 14684 W com.enumedate: Unable to resolve Lcom/wix/detox/reactnative/idlingresources/uimodule/RN66Workaround; annotation class 2321
07-30 13:45:50.629 14662 14684 I chatty  : uid=10178(com.enumedate) roidJUnitRunner identical 1 line
07-30 13:45:50.629 14662 14684 W com.enumedate: Unable to resolve Lcom/wix/detox/reactnative/idlingresources/uimodule/RN66Workaround; annotation class 2321
07-30 13:45:50.629 14662 14684 W com.enumedate: Unable to resolve Lcom/wix/detox/reactnative/idlingresources/uimodule/RN66WorkaroundKt; annotation class 2321
07-30 13:45:50.629 14662 14684 I chatty  : uid=10178(com.enumedate) roidJUnitRunner identical 1 line
07-30 13:45:50.629 14662 14684 W com.enumedate: Unable to resolve Lcom/wix/detox/reactnative/idlingresources/uimodule/RN66WorkaroundKt; annotation class 2321
07-30 13:45:50.629 14662 14684 W com.enumedate: Unable to resolve Lcom/wix/detox/reactnative/idlingresources/uimodule/UIManagerModuleReflected; annotation class 2321
07-30 13:45:50.630 14662 14684 I chatty  : uid=10178(com.enumedate) roidJUnitRunner identical 1 line
07-30 13:45:50.630 14662 14684 W com.enumedate: Unable to resolve Lcom/wix/detox/reactnative/idlingresources/uimodule/UIManagerModuleReflected; annotation class 2321
07-30 13:45:50.630 14662 14684 W com.enumedate: Unable to resolve Lcom/wix/detox/reactnative/idlingresources/uimodule/UIManagerModuleReflectedKt; annotation class 2321
07-30 13:45:50.630 14662 14684 I chatty  : uid=10178(com.enumedate) roidJUnitRunner identical 1 line
07-30 13:45:50.630 14662 14684 W com.enumedate: Unable to resolve Lcom/wix/detox/reactnative/idlingresources/uimodule/UIManagerModuleReflectedKt; annotation class 2321
07-30 13:45:50.630 14662 14684 W com.enumedate: Unable to resolve Lcom/wix/detox/reactnative/idlingresources/uimodule/UIModuleIdlingResource; annotation class 2321
07-30 13:45:50.630 14662 14684 I chatty  : uid=10178(com.enumedate) roidJUnitRunner identical 1 line
07-30 13:45:50.630 14662 14684 W com.enumedate: Unable to resolve Lcom/wix/detox/reactnative/idlingresources/uimodule/UIModuleIdlingResource; annotation class 2321
07-30 13:45:50.630 14662 14684 W com.enumedate: Unable to resolve Lcom/wix/detox/reactnative/idlingresources/uimodule/ViewCommandOpsQueueReflected; annotation class 2321
07-30 13:45:50.630 14662 14684 I chatty  : uid=10178(com.enumedate) roidJUnitRunner identical 1 line
07-30 13:45:50.630 14662 14684 W com.enumedate: Unable to resolve Lcom/wix/detox/reactnative/idlingresources/uimodule/ViewCommandOpsQueueReflected; annotation class 2321
07-30 13:45:50.630 14662 14684 W com.enumedate: Unable to resolve Lcom/wix/detox/reactnative/idlingresources/uimodule/ViewCommandOpsQueueReflectedKt; annotation class 2321
07-30 13:45:50.630 14662 14684 I chatty  : uid=10178(com.enumedate) roidJUnitRunner identical 1 line
07-30 13:45:50.631 14662 14684 W com.enumedate: Unable to resolve Lcom/wix/detox/reactnative/idlingresources/uimodule/ViewCommandOpsQueueReflectedKt; annotation class 2321
07-30 13:45:50.632 14662 14684 W com.enumedate: Unable to resolve Lkotlinx/android/extensions/CacheImplementation; annotation class 2321
07-30 13:45:50.632 14662 14684 I chatty  : uid=10178(com.enumedate) roidJUnitRunner identical 1 line
07-30 13:45:50.632 14662 14684 W com.enumedate: Unable to resolve Lkotlinx/android/extensions/CacheImplementation; annotation class 2321
07-30 13:45:50.665 14662 14684 D TestExecutor: Adding listener androidx.test.internal.runner.listener.LogRunListener
07-30 13:45:50.666 14662 14684 D TestExecutor: Adding listener androidx.test.internal.runner.listener.InstrumentationResultPrinter
07-30 13:45:50.666 14662 14684 D TestExecutor: Adding listener androidx.test.internal.runner.listener.ActivityFinisherRunListener
07-30 13:45:50.667 14662 14684 I TestRunner: run started: 1 tests
07-30 13:45:50.682 14662 14684 I TestRunner: started: runDetoxTests(com.enumedate.DetoxTest)
07-30 13:45:50.720 14662 14684 D EventInjectionStrategy: Creating injection strategy with input manager.
07-30 13:45:50.790 14662 14662 D LifecycleMonitor: Lifecycle status change: com.enumedate.MainActivity@e3a83eb in: PRE_ON_CREATE
07-30 13:45:50.803 14662 14702 D libEGL  : loaded /vendor/lib/egl/libEGL_emulation.so
07-30 13:45:50.805 14662 14702 D libEGL  : loaded /vendor/lib/egl/libGLESv1_CM_emulation.so
07-30 13:45:50.810 14662 14703 D SoLoader: libreactnativejni.so not found on /data/data/com.enumedate/lib-main
07-30 13:45:50.810 14662 14703 D SoLoader: libreactnativejni.so found on /data/app/~~jrSVVxmBSCMQVAka_UKJjg==/com.enumedate-HakXzD_pRlhHsH5mYh4CjA==/lib/x86
07-30 13:45:50.810 14662 14703 D SoLoader: Not resolving dependencies for libreactnativejni.so
07-30 13:45:50.812 14662 14702 D libEGL  : loaded /vendor/lib/egl/libGLESv2_emulation.so
07-30 13:45:50.822 14662 14703 D SoLoader: libfbjni.so not found on /data/data/com.enumedate/lib-main
07-30 13:45:50.822 14662 14703 D SoLoader: libfbjni.so found on /data/app/~~jrSVVxmBSCMQVAka_UKJjg==/com.enumedate-HakXzD_pRlhHsH5mYh4CjA==/lib/x86
07-30 13:45:50.822 14662 14662 D LifecycleMonitor: Lifecycle status change: com.enumedate.MainActivity@e3a83eb in: CREATED
07-30 13:45:50.822 14662 14703 D SoLoader: Not resolving dependencies for libfbjni.so
07-30 13:45:50.824 14662 14662 D LifecycleMonitor: Lifecycle status change: com.enumedate.MainActivity@e3a83eb in: STARTED
07-30 13:45:50.824 14662 14662 D LifecycleMonitor: Lifecycle status change: com.enumedate.MainActivity@e3a83eb in: RESUMED
07-30 13:45:50.830 14662 14703 V AsyncStorageExpoMigration: No scoped database found
07-30 13:45:50.858 14662 14703 W unknown:ReactContext: initializeMessageQueueThreads() is called.
07-30 13:45:50.868 14662 14700 D HostConnection: HostConnection::get() New Host Connection established 0xef4325f0, tid 14700
07-30 13:45:50.914 14662 14700 D HostConnection: HostComposition ext ANDROID_EMU_CHECKSUM_HELPER_v1 ANDROID_EMU_native_sync_v2 ANDROID_EMU_native_sync_v3 ANDROID_EMU_native_sync_v4 ANDROID_EMU_dma_v1 ANDROID_EMU_direct_mem ANDROID_EMU_host_composition_v1 ANDROID_EMU_host_composition_v2 ANDROID_EMU_YUV_Cache ANDROID_EMU_has_shared_slots_host_memory_allocator ANDROID_EMU_sync_buffer_data ANDROID_EMU_read_color_buffer_dma GL_OES_EGL_image_external_essl3 GL_OES_vertex_array_object GL_KHR_texture_compression_astc_ldr ANDROID_EMU_host_side_tracing ANDROID_EMU_gles_max_version_3_0 
07-30 13:45:50.920 14662 14700 W OpenGLRenderer: Failed to choose config with EGL_SWAP_BEHAVIOR_PRESERVED, retrying without...
07-30 13:45:50.925 14662 14700 D EGL_emulation: eglCreateContext: 0xef433150: maj 3 min 0 rcv 3
07-30 13:45:50.926 14662 14700 D EGL_emulation: eglMakeCurrent: 0xef433150: ver 3 0 (tinfo 0xef77ffb0) (first time)
07-30 13:45:50.936 14662 14708 W unknown:ViewManagerPropertyUpdater: Could not find generated setter for class com.facebook.react.views.drawer.ReactDrawerLayoutManager
07-30 13:45:50.938 14662 14700 I Gralloc4: mapper 4.x is not supported
07-30 13:45:50.939 14662 14708 W unknown:ViewManagerPropertyUpdater: Could not find generated setter for class com.facebook.react.uimanager.LayoutShadowNode
07-30 13:45:50.944 14662 14700 D HostConnection: createUnique: call
07-30 13:45:50.946 14662 14700 D HostConnection: HostConnection::get() New Host Connection established 0xef432e40, tid 14700
07-30 13:45:50.947 14662 14700 D goldfish-address-space: allocate: Ask for block of size 0x100
07-30 13:45:50.948 14662 14700 D goldfish-address-space: allocate: ioctl allocate returned offset 0x3e7ffe000 size 0x2000
07-30 13:45:50.950 14662 14708 W unknown:ViewManagerPropertyUpdater: Could not find generated setter for class com.facebook.react.views.scroll.ReactHorizontalScrollViewManager
07-30 13:45:50.954 14662 14708 W unknown:ViewManagerPropertyUpdater: Could not find generated setter for class com.facebook.react.views.scroll.ReactHorizontalScrollContainerViewManager
07-30 13:45:50.954 14662 14708 W unknown:ViewManagerPropertyUpdater: Could not find generated setter for class com.facebook.react.views.progressbar.ReactProgressBarViewManager
07-30 13:45:50.955 14662 14708 W unknown:ViewManagerPropertyUpdater: Could not find generated setter for class com.facebook.react.views.progressbar.b
07-30 13:45:50.955 14662 14708 W unknown:ViewManagerPropertyUpdater: Could not find generated setter for class com.facebook.react.views.scroll.ReactScrollViewManager
07-30 13:45:50.956 14662 14700 D HostConnection: HostComposition ext ANDROID_EMU_CHECKSUM_HELPER_v1 ANDROID_EMU_native_sync_v2 ANDROID_EMU_native_sync_v3 ANDROID_EMU_native_sync_v4 ANDROID_EMU_dma_v1 ANDROID_EMU_direct_mem ANDROID_EMU_host_composition_v1 ANDROID_EMU_host_composition_v2 ANDROID_EMU_YUV_Cache ANDROID_EMU_has_shared_slots_host_memory_allocator ANDROID_EMU_sync_buffer_data ANDROID_EMU_read_color_buffer_dma GL_OES_EGL_image_external_essl3 GL_OES_vertex_array_object GL_KHR_texture_compression_astc_ldr ANDROID_EMU_host_side_tracing ANDROID_EMU_gles_max_version_3_0 
07-30 13:45:50.959 14662 14708 W unknown:ViewManagerPropertyUpdater: Could not find generated setter for class com.facebook.react.views.slider.ReactSliderManager
07-30 13:45:50.961 14662 14708 W unknown:ViewManagerPropertyUpdater: Could not find generated setter for class com.facebook.react.views.slider.ReactSliderManager$c
07-30 13:45:50.961 14662 14708 W unknown:ViewManagerPropertyUpdater: Could not find generated setter for class com.facebook.react.views.switchview.ReactSwitchManager
07-30 13:45:50.962 14662 14708 W unknown:ViewManagerPropertyUpdater: Could not find generated setter for class com.facebook.react.views.switchview.ReactSwitchManager$b
07-30 13:45:50.962 14662 14708 W unknown:ViewManagerPropertyUpdater: Could not find generated setter for class com.facebook.react.views.swiperefresh.SwipeRefreshLayoutManager
07-30 13:45:50.963 14662 14708 W unknown:ViewManagerPropertyUpdater: Could not find generated setter for class com.facebook.react.views.text.frescosupport.FrescoBasedReactTextInlineImageViewManager
07-30 13:45:50.963 14662 14708 W unknown:ViewManagerPropertyUpdater: Could not find generated setter for class n3.a
07-30 13:45:50.968 14662 14708 W unknown:ViewManagerPropertyUpdater: Could not find generated setter for class com.facebook.react.views.image.ReactImageManager
07-30 13:45:50.982 14662 14708 W unknown:ViewManagerPropertyUpdater: Could not find generated setter for class com.facebook.react.views.modal.ReactModalHostManager
07-30 13:45:50.984 14662 14708 W unknown:ViewManagerPropertyUpdater: Could not find generated setter for class com.facebook.react.views.modal.b
07-30 13:45:50.984 14662 14708 W unknown:ViewManagerPropertyUpdater: Could not find generated setter for class com.facebook.react.views.text.ReactRawTextManager
07-30 13:45:50.988 14662 14708 W unknown:ViewManagerPropertyUpdater: Could not find generated setter for class com.facebook.react.views.text.l
07-30 13:45:50.990 14662 14708 W unknown:ViewManagerPropertyUpdater: Could not find generated setter for class com.facebook.react.views.textinput.ReactTextInputManager
07-30 13:45:50.992 14662 14708 W unknown:ViewManagerPropertyUpdater: Could not find generated setter for class com.facebook.react.views.textinput.m
07-30 13:45:50.993 14662 14708 W unknown:ViewManagerPropertyUpdater: Could not find generated setter for class com.facebook.react.views.text.ReactTextViewManager
07-30 13:45:50.994 14662 14708 W unknown:ViewManagerPropertyUpdater: Could not find generated setter for class com.facebook.react.views.text.q
07-30 13:45:50.994 14662 14708 W unknown:ViewManagerPropertyUpdater: Could not find generated setter for class com.facebook.react.views.view.ReactViewManager
07-30 13:45:50.995 14662 14708 W unknown:ViewManagerPropertyUpdater: Could not find generated setter for class com.facebook.react.views.text.ReactVirtualTextViewManager
07-30 13:45:50.995 14662 14708 W unknown:ViewManagerPropertyUpdater: Could not find generated setter for class com.facebook.react.views.text.w
07-30 13:45:50.995 14662 14708 W unknown:ViewManagerPropertyUpdater: Could not find generated setter for class com.facebook.react.views.unimplementedview.ReactUnimplementedViewManager
07-30 13:45:50.997 14662 14708 W unknown:ViewManagerPropertyUpdater: Could not find generated setter for class com.swmansion.gesturehandler.react.RNGestureHandlerRootViewManager
07-30 13:45:50.999 14662 14708 W unknown:ViewManagerPropertyUpdater: Could not find generated setter for class com.swmansion.gesturehandler.react.RNGestureHandlerButtonViewManager
07-30 13:45:51.000 14662 14708 W unknown:ViewManagerPropertyUpdater: Could not find generated setter for class com.th3rdwave.safeareacontext.SafeAreaProviderManager
07-30 13:45:51.000 14662 14708 W unknown:ViewManagerPropertyUpdater: Could not find generated setter for class com.th3rdwave.safeareacontext.SafeAreaViewManager
07-30 13:45:51.001 14662 14708 W unknown:ViewManagerPropertyUpdater: Could not find generated setter for class com.th3rdwave.safeareacontext.p
07-30 13:45:51.001 14662 14708 W unknown:ViewManagerPropertyUpdater: Could not find generated setter for class com.swmansion.rnscreens.ScreenContainerViewManager
07-30 13:45:51.001 14662 14708 W unknown:ViewManagerPropertyUpdater: Could not find generated setter for class com.swmansion.rnscreens.ScreenViewManager
07-30 13:45:51.002 14662 14708 W unknown:ViewManagerPropertyUpdater: Could not find generated setter for class com.swmansion.rnscreens.ScreenStackViewManager
07-30 13:45:51.002 14662 14708 W unknown:ViewManagerPropertyUpdater: Could not find generated setter for class com.swmansion.rnscreens.ScreenStackHeaderConfigViewManager
07-30 13:45:51.003 14662 14708 W unknown:ViewManagerPropertyUpdater: Could not find generated setter for class com.swmansion.rnscreens.ScreenStackHeaderSubviewManager
07-30 13:45:51.004 14662 14708 W unknown:ViewManagerPropertyUpdater: Could not find generated setter for class com.swmansion.rnscreens.SearchBarManager
07-30 13:45:51.006 14662 14708 W unknown:ReactContext: initializeMessageQueueThreads() is called.
07-30 13:45:51.009 14662 14708 D SoLoader: libyoga.so not found on /data/data/com.enumedate/lib-main
07-30 13:45:51.009 14662 14708 D SoLoader: libyoga.so found on /data/app/~~jrSVVxmBSCMQVAka_UKJjg==/com.enumedate-HakXzD_pRlhHsH5mYh4CjA==/lib/x86
07-30 13:45:51.009 14662 14708 D SoLoader: Not resolving dependencies for libyoga.so
07-30 13:45:51.037 14662 14684 I Detox   : Detox server connection details: url=ws://localhost:49880, sessionId=73203b72-5350-dfce-ce35-0128e0993f90
07-30 13:45:51.068 14662 14711 I DetoxDispatcher: Handling action '_init' (ID #0)...
07-30 13:45:51.068 14662 14711 I Detox   : Connecting to server...
07-30 13:45:51.068 14662 14711 I DetoxWSClient: At connectToServer
07-30 13:45:51.097 14662 14662 D DetoxRNLoading: Got new RN-context directly and immediately
07-30 13:45:51.099 14662 14711 I DetoxRNIdleRes: Setting up Espresso Idling Resources for React Native
07-30 13:45:51.114 14662 14713 D DetoxWSClient: At onOpen
07-30 13:45:51.114 14662 14713 I DetoxWSClient: Sending out action 'login' (ID #0)
07-30 13:45:51.115 14662 14713 I Detox   : Connected to server!
07-30 13:45:51.119 14662 14713 D DetoxWSClient: Received action 'loginSuccess' (ID #0, params={"testerConnected":true,"appConnected":true})
07-30 13:45:51.119 14662 14711 D AsyncStorageIR: Checking whether a custom IR for Async-Storage is required... (legacy=false)
07-30 13:45:51.120 14662 14711 D AsyncStorageIR: IR for Async-Storage is required! (legacy=false)
07-30 13:45:51.120 14662 14713 D DetoxWSClient: Received action 'isReady' (ID #-1000, params={})
07-30 13:45:51.122 14662 14711 D AsyncStorageIR: Checking whether a custom IR for Async-Storage is required... (legacy=true)
07-30 13:45:51.122 14662 14711 D AsyncStorageIR: IR for Async-Storage is required! (legacy=true)
07-30 13:45:51.124 14662 14662 I Detox   : UIManagerModule is busy
07-30 13:45:51.126 14662 14662 D AsyncStorageIR: Async-storage is busy!
07-30 13:45:51.127 14662 14662 D AsyncStorageIRLegacy: Async-storage is busy!
07-30 13:45:51.140 14662 14711 I DetoxDispatcher: Done with action '_init'
07-30 13:45:51.140 14662 14711 I DetoxDispatcher: Handling action 'isReady' (ID #-1000)...
07-30 13:45:51.478 14662 14707 E ReactNativeJS: i18next::pluralResolver: Your environment seems not to be Intl API compatible, use an Intl.PluralRules polyfill. Will fallback to the compatibilityJSON v3 format handling.
07-30 13:45:51.527 14662 14708 E unknown:ReactNative: console.error: i18next::pluralResolver: Your environment seems not to be Intl API compatible, use an Intl.PluralRules polyfill. Will fallback to the compatibilityJSON v3 format handling., stack:
07-30 13:45:51.527 14662 14708 E unknown:ReactNative: construct@-1
07-30 13:45:51.527 14662 14708 E unknown:ReactNative: construct@-1
07-30 13:45:51.527 14662 14708 E unknown:ReactNative: t@74:347
07-30 13:45:51.527 14662 14708 E unknown:ReactNative: o@72:330
07-30 13:45:51.527 14662 14708 E unknown:ReactNative: construct@-1
07-30 13:45:51.527 14662 14708 E unknown:ReactNative: <unknown>@71:437
07-30 13:45:51.527 14662 14708 E unknown:ReactNative: s@71:637
07-30 13:45:51.527 14662 14708 E unknown:ReactNative: f@71:1781
07-30 13:45:51.527 14662 14708 E unknown:ReactNative: output@712:1024
07-30 13:45:51.527 14662 14708 E unknown:ReactNative: error@712:953
07-30 13:45:51.527 14662 14708 E unknown:ReactNative: e@712:25147
07-30 13:45:51.527 14662 14708 E unknown:ReactNative: value@712:44504
07-30 13:45:51.527 14662 14708 E unknown:ReactNative: value@-1
07-30 13:45:51.527 14662 14708 E unknown:ReactNative: <unknown>@708:1619
07-30 13:45:51.527 14662 14708 E unknown:ReactNative: h@2:1585
07-30 13:45:51.527 14662 14708 E unknown:ReactNative: <unknown>@731:106
07-30 13:45:51.527 14662 14708 E unknown:ReactNative: h@2:1585
07-30 13:45:51.527 14662 14708 E unknown:ReactNative: <unknown>@730:813
07-30 13:45:51.527 14662 14708 E unknown:ReactNative: value@685:93797
07-30 13:45:51.527 14662 14708 E unknown:ReactNative: value@685:94648
07-30 13:45:51.527 14662 14708 E unknown:ReactNative: value@685:35583
07-30 13:45:51.527 14662 14708 E unknown:ReactNative: value@685:35716
07-30 13:45:51.527 14662 14708 E unknown:ReactNative: <unknown>@685:90198
07-30 13:45:51.527 14662 14708 E unknown:ReactNative: find@-1
07-30 13:45:51.527 14662 14708 E unknown:ReactNative: value@685:90174
07-30 13:45:51.527 14662 14708 E unknown:ReactNative: value@685:89543
07-30 13:45:51.527 14662 14708 E unknown:ReactNative: <unknown>@685:79943
07-30 13:45:51.527 14662 14708 E unknown:ReactNative: <unknown>@685:83544
07-30 13:45:51.527 14662 14708 E unknown:ReactNative: forEach@-1
07-30 13:45:51.527 14662 14708 E unknown:ReactNative: value@685:83523
07-30 13:45:51.527 14662 14708 E unknown:ReactNative: value@685:79910
07-30 13:45:51.527 14662 14708 E unknown:ReactNative: r@685:20609
07-30 13:45:51.527 14662 14708 E unknown:ReactNative: _e@685:48260
07-30 13:45:51.527 14662 14708 E unknown:ReactNative: value@685:79719
07-30 13:45:51.527 14662 14708 E unknown:ReactNative: value@685:35079
07-30 13:45:51.527 14662 14708 E unknown:ReactNative: Ye@686:15818
07-30 13:45:51.527 14662 14708 E unknown:ReactNative: i@686:15635
07-30 13:45:51.527 14662 14708 E unknown:ReactNative: value@685:37271
07-30 13:45:51.527 14662 14708 E unknown:ReactNative: Ye@686:15818
07-30 13:45:51.527 14662 14708 E unknown:ReactNative: i@686:15635
07-30 13:45:51.527 14662 14708 E unknown:ReactNative: <unknown>@684:445
07-30 13:45:51.527 14662 14708 E unknown:ReactNative: value@685:92333
07-30 13:45:51.527 14662 14708 E unknown:ReactNative: value@685:91810
07-30 13:45:51.527 14662 14708 E unknown:ReactNative: <unknown>@685:79943
07-30 13:45:51.527 14662 14708 E unknown:ReactNative: <unknown>@685:83544
07-30 13:45:51.527 14662 14708 E unknown:ReactNative: forEach@-1
07-30 13:45:51.527 14662 14708 E unknown:ReactNative: value@685:83523
07-30 13:45:51.527 14662 14708 E unknown:ReactNative: value@685:79910
07-30 13:45:51.527 14662 14708 E unknown:ReactNative: r@685:20609
07-30 13:45:51.527 14662 14708 E unknown:ReactNative: _e@685:48260
07-30 13:45:51.527 14662 14708 E unknown:ReactNative: value@685:79719
07-30 13:45:51.527 14662 14708 E unknown:ReactNative: value@685:35079
07-30 13:45:51.527 14662 14708 E unknown:ReactNative: Ye@686:15818
07-30 13:45:51.527 14662 14708 E unknown:ReactNative: i@686:15635
07-30 13:45:51.527 14662 14708 E unknown:ReactNative: value@685:37271
07-30 13:45:51.527 14662 14708 E unknown:ReactNative: Ye@686:15818
07-30 13:45:51.527 14662 14708 E unknown:ReactNative: i@686:15635
07-30 13:45:51.527 14662 14708 E unknown:ReactNative: <unknown>@684:540
07-30 13:45:51.527 14662 14708 E unknown:ReactNative: h@2:1585
07-30 13:45:51.527 14662 14708 E unknown:ReactNative: <unknown>@682:586
07-30 13:45:51.527 14662 14708 E unknown:ReactNative: h@2:1585
07-30 13:45:51.527 14662 14708 E unknown:ReactNative: <unknown>@6:61
07-30 13:45:51.527 14662 14708 E unknown:ReactNative: h@2:1585
07-30 13:45:51.527 14662 14708 E unknown:ReactNative: d@2:958
07-30 13:45:51.527 14662 14708 E unknown:ReactNative: global code@1023:3
07-30 13:45:51.531 14662 14707 I ReactNativeJS: 'i18next: languageChanged', 'en-US'
07-30 13:45:51.536 14662 14707 I ReactNativeJS: 'i18next: initialized', { initImmediate: true,
07-30 13:45:51.536 14662 14707 I ReactNativeJS:   fallbackNS: false,
07-30 13:45:51.536 14662 14707 I ReactNativeJS:   supportedLngs: false,
07-30 13:45:51.536 14662 14707 I ReactNativeJS:   nonExplicitSupportedLngs: false,
07-30 13:45:51.536 14662 14707 I ReactNativeJS:   load: 'all',
07-30 13:45:51.536 14662 14707 I ReactNativeJS:   preload: false,
07-30 13:45:51.536 14662 14707 I ReactNativeJS:   simplifyPluralSuffix: true,
07-30 13:45:51.536 14662 14707 I ReactNativeJS:   keySeparator: '.',
07-30 13:45:51.536 14662 14707 I ReactNativeJS:   nsSeparator: ':',
07-30 13:45:51.536 14662 14707 I ReactNativeJS:   pluralSeparator: '_',
07-30 13:45:51.536 14662 14707 I ReactNativeJS:   contextSeparator: '_',
07-30 13:45:51.536 14662 14707 I ReactNativeJS:   partialBundledLanguages: false,
07-30 13:45:51.536 14662 14707 I ReactNativeJS:   saveMissing: false,
07-30 13:45:51.536 14662 14707 I ReactNativeJS:   updateMissing: false,
07-30 13:45:51.536 14662 14707 I ReactNativeJS:   saveMissingTo: 'fallback',
07-30 13:45:51.536 14662 14707 I ReactNativeJS:   saveMissingPlurals: true,
07-30 13:45:51.536 14662 14707 I ReactNativeJS:   missingKeyHandler: false,
07-30 13:45:51.536 14662 14707 I ReactNativeJS:   missingInterpolationHandler: false,
07-30 13:45:51.536 14662 14707 I ReactNativeJS:   postProcess: false,
07-30 13:45:51.536 14662 14707 I ReactNativeJS:   postProcessPassResolved: false,
07-30 13:45:51.536 14662 14707 I ReactNativeJS:   returnNull: true,
07-30 13:45:51.536 14662 14707 I ReactNativeJS:   returnEmptyString: true,
07-30 13:45:51.536 14662 14707 I ReactNativeJS:   returnObjects: false,
07-30 13:45:51.536 14662 14707 I ReactNativeJS:   joinArrays: false,
07-30 13:45:51.536 14662 14707 I ReactNativeJS:   returnedObjectHandler: false,
07-30 13:45:51.536 14662 14707 I ReactNativeJS:   parseMissingKeyHandler: false,
07-30 13:45:51.536 14662 14707 I ReactNativeJS:   appendNamespaceToMissingKey: false,
07-30 13:45:51.536 14662 14707 I ReactNativeJS:   appendNamespaceToCIMode: false,
07-30 13:45:51.536 14662 14707 I ReactNativeJS:   overloadTranslationOptionHandler: [Function: overloadTranslationOptionHandler],
07-30 13:45:51.536 14662 14707 I ReactNativeJS:   debug: true,
07-30 13:45:51.536 14662 14707 I ReactNativeJS:   fallbackLng: [ 'en', 'zh-HK' ],
07-30 13:45:51.536 14662 14707 I ReactNativeJS:   lng: 'en-US',
07-30 13:45:51.536 14662 14707 I ReactNativeJS:   ns: [ 'common' ],
07-30 13:45:51.536 14662 14707 I ReactNativeJS:   interpolation: 
07-30 13:45:51.536 14662 14707 I ReactNativeJS:    { format: [Function: format],
07-30 13:45:51.536 14662 14707 I ReactNativeJS:      prefix: '{{',
07-30 13:45:51.536 14662 14707 I ReactNativeJS:      suffix: '}}',
07-30 13:45:51.536 14662 14707 I ReactNativeJS:      formatSeparator: ',',
07-30 13:45:51.536 14662 14707 I ReactNativeJS:      unescapePrefix: '-',
07-30 13:45:51.536 14662 14707 I ReactNativeJS:      nestingPrefix: '$t(',
07-30 13:45:51.536 14662 14707 I ReactNativeJS:      nestingSuffix: ')',
07-30 13:45:51.536 14662 14707 I ReactNativeJS:      nestingOptionsSeparator: ',',
07-30 13:45:51.536 14662 14707 I ReactNativeJS:      maxReplaces: 1000,
07-30 13:45:51.536 14662 14707 I ReactNativeJS:      skipOnVariables: true,
07-30 13:45:51.536 14662 14707 I ReactNativeJS:      escapeValue: false },
07-30 13:45:51.536 14662 14707 I ReactNativeJS:   resources: 
07-30 13:45:51.536 14662 14707 I ReactNativeJS:    { en: 
07-30 13:45:51.536 14662 14707 I ReactNativeJS:       { common: 
07-30 13:45:51.536 14662 14707 I ReactNativeJS:          { 'Add New Event': 'Add New Event',
07-30 13:45:51.536 14662 14707 I ReactNativeJS:            'Create Account Error': 'Create an account to add more events',
07-30 13:45:51.536 14662 14707 I ReactNativeJS:            Home: 'Home',
07-30 13:45:51.536 14662 14707 I ReactNativeJS:            'Add Event': 'Add Event',
07-30 13:45:51.536 14662 14707 I ReactNativeJS:            'Edit Event': 'Edit Event',
07-30 13:45:51.536 14662 14707 I ReactNativeJS:            name: 'Name',
07-30 13:45:51.536 14662 14707 I ReactNativeJS:            'enter name': 'Enter Name',
07-30 13:45:51.536 14662 14707 I ReactNativeJS:            date: 'Date',
07-30 13:45:51.536 14662 14707 I ReactNativeJS:            'select a date': 'Select a Date',
07-30 13:45:51.536 14662 14707 I ReactNativeJS:            Required: 'You need to add a {{field}}',
07-30 13:45:51.536 14662 14707 I ReactNativeJS:            Save: 'Save',
07-30 13:45:51.536 14662 14707 I ReactNativeJS:            'Change language': 'Change language',
07-30 13:45:51.536 14662 14707 I ReactNativeJS:            Settings: 'Settings',
07-30 13:45:51.536 14662 14707 I ReactNativeJS:            'Too long': 'Too Long',
07-30 13:45:51.536 14662 14707 I ReactNativeJS:            'Date of Event': 'Date of Event',
07-30 13:45:51.536 14662 14707 I ReactNativeJS:            Confirm: 'Confirm',
07-30 13:45:51.536 14662 14707 I ReactNativeJS:            language: 'Language',
07-30 13:45:51.536 14662 14707 I ReactNativeJS:            'select a language': 'Select a Language',
07-30 13:45:51.536 14662 14707 I ReactNativeJS:            'days since': '{{diff}} <bold>{{unit}}</bold> since {{start}}',
07-30 13:45:51.536 14662 14707 I ReactNativeJS:            days: 'Days',
07-30 13:45:51.536 14662 14707 I ReactNativeJS:            minutes: 'Minutes',
07-30 13:45:51.536 14662 14707 I ReactNativeJS:            hours: 'Hours',
07-30 13:45:51.536 14662 14707 I ReactNativeJS:            weeks: 'Weeks',
07-30 13:45:51.536 14662 14707 I ReactNativeJS:            months: 'Months',
07-30 13:45:51.536 14662 14707 I ReactNativeJS:            years: 'Years',
07-30 13:45:51.536 14662 14707 I ReactNativeJS:            unit: 'Unit' } },
07-30 13:45:51.536 14662 14707 I ReactNativeJS:      'zh-HK': 
07-30 13:45:51.536 14662 14707 I ReactNativeJS:       { common: 
07-30 13:45:51.536 14662 14707 I ReactNativeJS:          { 'Add New Event': '',
07-30 13:45:51.536 14662 14707 I ReactNativeJS:            'Create Account Error': '',
07-30 13:45:51.536 14662 14707 I ReactNativeJS:            Home: '',
07-30 13:45:51.536 14662 14707 I ReactNativeJS:            'Add Event': '',
07-30 13:45:51.536 14662 14707 I ReactNativeJS:            'Edit Event': '',
07-30 13:45:51.536 14662 14707 I ReactNativeJS:            name: '',
07-30 13:45:51.536 14662 14707 I ReactNativeJS:            'enter name': '',
07-30 13:45:51.536 14662 14707 I ReactNativeJS:            date: '',
07-30 13:45:51.536 14662 14707 I ReactNativeJS:            'select a date': '',
07-30 13:45:51.536 14662 14707 I ReactNativeJS:            Required: '{{field}}',
07-30 13:45:51.536 14662 14707 I ReactNativeJS:            Save: '',
07-30 13:45:51.536 14662 14707 I ReactNativeJS:            'Change language': '',
07-30 13:45:51.536 14662 14707 I ReactNativeJS:            Settings: '',
07-30 13:45:51.536 14662 14707 I ReactNativeJS:            'Too long': '',
07-30 13:45:51.536 14662 14707 I ReactNativeJS:            'Date of Event': '',
07-30 13:45:51.536 14662 14707 I ReactNativeJS:            Confirm: '',
07-30 13:45:51.536 14662 14707 I ReactNativeJS:            language: '',
07-30 13:45:51.536 14662 14707 I ReactNativeJS:            'select a language': '' } } },
07-30 13:45:51.536 14662 14707 I ReactNativeJS:   defaultNS: 'common',
07-30 13:45:51.536 14662 14707 I ReactNativeJS:   ignoreJSONStructure: true }
07-30 13:45:51.689 14662 14707 D SoLoader: libturbomodulejsijni.so not found on /data/data/com.enumedate/lib-main
07-30 13:45:51.689 14662 14707 D SoLoader: libturbomodulejsijni.so found on /data/app/~~jrSVVxmBSCMQVAka_UKJjg==/com.enumedate-HakXzD_pRlhHsH5mYh4CjA==/lib/x86
07-30 13:45:51.689 14662 14707 D SoLoader: Not resolving dependencies for libturbomodulejsijni.so
07-30 13:45:52.106 14662 14707 I ReactNativeJS: Running "EnumeDate
07-30 13:45:52.257 14662 14662 W UiControllerImpl: Waiting for: DYNAMIC_TASKS_HAVE_IDLED for 100 iterations.
07-30 13:45:52.316 14662 14708 W unknown:ViewManagerPropertyUpdater: Could not find generated setter for class com.swmansion.rnscreens.b0
07-30 13:45:52.419 14662 14662 I ReactNative: [GESTURE HANDLER] Initialize gesture handler for root view com.facebook.react.u{a91c745 V.E...... ......ID 0,0-1440,2700 #1}
07-30 13:45:52.436 14662 14662 I ReactNative: [GESTURE HANDLER] Gesture handler is already enabled for a parent view
07-30 13:45:52.595 14662 14662 I Detox   : UIManagerModule is busy
07-30 13:45:52.603 14662 14662 I chatty  : uid=10178(com.enumedate) identical 1 line
07-30 13:45:52.619 14662 14662 I Detox   : UIManagerModule is busy
07-30 13:45:52.656 14662 14662 I Detox   : AnimatedModule is busy.
07-30 13:45:52.786 14662 14662 I chatty  : uid=10178(com.enumedate) identical 8 lines
07-30 13:45:52.803 14662 14662 I Detox   : AnimatedModule is busy.
07-30 13:45:52.842 14662 14662 I Detox   : UIManagerModule is busy
07-30 13:45:52.853 14662 14662 I Detox   : Wait is over: app is now idle!
07-30 13:45:52.854 14662 14711 I DetoxWSClient: Sending out action 'ready' (ID #-1000)
07-30 13:45:52.854 14662 14711 I DetoxDispatcher: Done with action 'isReady'
07-30 13:45:52.854 14662 14711 I DetoxDispatcher: Handling action 'loginSuccess' (ID #0)...
07-30 13:45:52.854 14662 14711 I DetoxDispatcher: Done with action 'loginSuccess'
07-30 13:45:52.854 14662 14711 I DetoxDispatcher: Handling action 'isReady' (ID #-1000)...
07-30 13:45:52.859 14662 14662 I Detox   : Wait is over: app is now idle!
07-30 13:45:52.860 14662 14711 I DetoxWSClient: Sending out action 'ready' (ID #-1000)
07-30 13:45:52.860 14662 14711 I DetoxDispatcher: Done with action 'isReady'
